[github.com/flipped-aurora/gin-vue-admin/server]2026-08-14 11:27:59.415	[33mwarn[0m	C:/Users/18089/Desktop/MSTN/msrc-admin/server/api/v1/hrc/auth.go:390	login failed	{"node": "", "app_id": "", "env": "", "error": "密码错误"}
[github.com/flipped-aurora/gin-vue-admin/server]2026-08-14 11:28:09.325	[33mwarn[0m	C:/Users/18089/Desktop/MSTN/msrc-admin/server/api/v1/hrc/auth.go:390	login failed	{"node": "", "app_id": "", "env": "", "error": "密码错误"}
[github.com/flipped-aurora/gin-vue-admin/server]2026-08-14 11:28:16.779	[33mwarn[0m	C:/Users/18089/Desktop/MSTN/msrc-admin/server/api/v1/hrc/auth.go:390	login failed	{"node": "", "app_id": "", "env": "", "error": "密码错误"}
[github.com/flipped-aurora/gin-vue-admin/server]2026-08-14 11:28:17.977	[33mwarn[0m	C:/Users/18089/Desktop/MSTN/msrc-admin/server/api/v1/hrc/auth.go:390	login failed	{"node": "", "app_id": "", "env": "", "error": "密码错误"}
[github.com/flipped-aurora/gin-vue-admin/server]2026-08-14 11:28:19.014	[33mwarn[0m	C:/Users/18089/Desktop/MSTN/msrc-admin/server/api/v1/hrc/auth.go:390	login failed	{"node": "", "app_id": "", "env": "", "error": "密码错误"}
[github.com/flipped-aurora/gin-vue-admin/server]2026-08-14 11:28:19.889	[33mwarn[0m	C:/Users/18089/Desktop/MSTN/msrc-admin/server/api/v1/hrc/auth.go:390	login failed	{"node": "", "app_id": "", "env": "", "error": "登录失败次数过多，请30分钟后再试"}
[github.com/flipped-aurora/gin-vue-admin/server]2026-08-14 14:28:19.733	[33mwarn[0m	C:/Users/18089/Desktop/MSTN/msrc-admin/server/api/v1/hrc/auth.go:369	login failed	{"node": "", "app_id": "", "env": "", "error": "账号不存在"}
[github.com/flipped-aurora/gin-vue-admin/server]2026-08-14 14:28:33.223	[33mwarn[0m	C:/Users/18089/Desktop/MSTN/msrc-admin/server/api/v1/hrc/auth.go:369	login failed	{"node": "", "app_id": "", "env": "", "error": "密码错误"}
[github.com/flipped-aurora/gin-vue-admin/server]2026-08-14 14:28:51.624	[33mwarn[0m	C:/Users/18089/Desktop/MSTN/msrc-admin/server/api/v1/hrc/auth.go:369	login failed	{"node": "", "app_id": "", "env": "", "error": "密码错误"}
[github.com/flipped-aurora/gin-vue-admin/server]2026-08-14 15:16:34.416	[33mwarn[0m	C:/Users/18089/Desktop/MSTN/msrc-admin/server/api/v1/hrc/auth.go:369	login failed	{"node": "", "app_id": "", "env": "", "error": "密码错误"}
[github.com/flipped-aurora/gin-vue-admin/server]2026-08-14 15:16:49.988	[33mwarn[0m	C:/Users/18089/Desktop/MSTN/msrc-admin/server/api/v1/hrc/auth.go:369	login failed	{"node": "", "app_id": "", "env": "", "error": "密码错误"}
[github.com/flipped-aurora/gin-vue-admin/server]2026-08-14 15:23:41.540	[33mwarn[0m	C:/Users/18089/Desktop/MSTN/msrc-admin/server/api/v1/hrc/auth.go:369	login failed	{"node": "", "app_id": "", "env": "", "error": "账号已注销"}
[github.com/flipped-aurora/gin-vue-admin/server]2026-08-14 15:25:13.191	[33mwarn[0m	C:/Users/18089/Desktop/MSTN/msrc-admin/server/api/v1/hrc/auth.go:369	login failed	{"node": "", "app_id": "", "env": "", "error": "Error 1062 (23000): Duplicate entry '13306487850' for key 'ms_members.idx_ms_members_mobile'"}
[github.com/flipped-aurora/gin-vue-admin/server]2026-08-14 15:25:34.997	[33mwarn[0m	C:/Users/18089/Desktop/MSTN/msrc-admin/server/api/v1/hrc/auth.go:369	login failed	{"node": "", "app_id": "", "env": "", "error": "账号已注销"}
[github.com/flipped-aurora/gin-vue-admin/server]2026-08-14 15:26:16.230	[33mwarn[0m	C:/Users/18089/Desktop/MSTN/msrc-admin/server/api/v1/hrc/auth.go:369	login failed	{"node": "", "app_id": "", "env": "", "error": "密码错误"}
[github.com/flipped-aurora/gin-vue-admin/server]2026-08-14 15:58:25.888	[33mwarn[0m	C:/Users/18089/Desktop/MSTN/msrc-admin/server/api/v1/hrc/auth.go:369	login failed	{"node": "", "app_id": "", "env": "", "error": "密码错误"}
[github.com/flipped-aurora/gin-vue-admin/server]2026-08-14 15:59:09.213	[33mwarn[0m	C:/Users/18089/Desktop/MSTN/msrc-admin/server/api/v1/hrc/auth.go:369	login failed	{"node": "", "app_id": "", "env": "", "error": "原密码错误"}
[github.com/flipped-aurora/gin-vue-admin/server]2026-08-14 15:59:37.031	[33mwarn[0m	C:/Users/18089/Desktop/MSTN/msrc-admin/server/api/v1/hrc/auth.go:369	login failed	{"node": "", "app_id": "", "env": "", "error": "密码错误"}
[github.com/flipped-aurora/gin-vue-admin/server]2026-08-14 15:59:40.789	[33mwarn[0m	C:/Users/18089/Desktop/MSTN/msrc-admin/server/api/v1/hrc/auth.go:369	login failed	{"node": "", "app_id": "", "env": "", "error": "密码错误"}
[github.com/flipped-aurora/gin-vue-admin/server]2026-08-14 15:59:41.468	[33mwarn[0m	C:/Users/18089/Desktop/MSTN/msrc-admin/server/api/v1/hrc/auth.go:369	login failed	{"node": "", "app_id": "", "env": "", "error": "密码错误"}
[github.com/flipped-aurora/gin-vue-admin/server]2026-08-14 15:59:42.249	[33mwarn[0m	C:/Users/18089/Desktop/MSTN/msrc-admin/server/api/v1/hrc/auth.go:369	login failed	{"node": "", "app_id": "", "env": "", "error": "密码错误"}
[github.com/flipped-aurora/gin-vue-admin/server]2026-08-14 15:59:42.943	[33mwarn[0m	C:/Users/18089/Desktop/MSTN/msrc-admin/server/api/v1/hrc/auth.go:369	login failed	{"node": "", "app_id": "", "env": "", "error": "密码错误"}
[github.com/flipped-aurora/gin-vue-admin/server]2026-08-14 15:59:43.651	[33mwarn[0m	C:/Users/18089/Desktop/MSTN/msrc-admin/server/api/v1/hrc/auth.go:369	login failed	{"node": "", "app_id": "", "env": "", "error": "登录失败次数过多，请30分钟后再试"}
[github.com/flipped-aurora/gin-vue-admin/server]2026-08-14 16:07:54.572	[33mwarn[0m	C:/Users/18089/Desktop/MSTN/msrc-admin/server/api/v1/hrc/auth.go:369	login failed	{"node": "", "app_id": "", "env": "", "error": "该手机号已被其他账号绑定"}
[github.com/flipped-aurora/gin-vue-admin/server]2026-08-14 16:10:30.230	[33mwarn[0m	C:/Users/18089/Desktop/MSTN/msrc-admin/server/api/v1/hrc/auth.go:369	login failed	{"node": "", "app_id": "", "env": "", "error": "账号不存在"}
[github.com/flipped-aurora/gin-vue-admin/server]2026-08-14 16:10:34.219	[33mwarn[0m	C:/Users/18089/Desktop/MSTN/msrc-admin/server/api/v1/hrc/auth.go:369	login failed	{"node": "", "app_id": "", "env": "", "error": "账号不存在"}
[github.com/flipped-aurora/gin-vue-admin/server]2026-08-14 16:12:15.209	[33mwarn[0m	C:/Users/18089/Desktop/MSTN/msrc-admin/server/api/v1/hrc/auth.go:369	login failed	{"node": "", "app_id": "", "env": "", "error": "Error 1062 (23000): Duplicate entry '13300001111' for key 'ms_members.idx_ms_members_username'"}
[github.com/flipped-aurora/gin-vue-admin/server]2026-08-14 16:13:29.453	[33mwarn[0m	C:/Users/18089/Desktop/MSTN/msrc-admin/server/api/v1/hrc/auth.go:369	login failed	{"node": "", "app_id": "", "env": "", "error": "验证码错误或已过期"}
[github.com/flipped-aurora/gin-vue-admin/server]2026-08-14 16:13:40.152	[33mwarn[0m	C:/Users/18089/Desktop/MSTN/msrc-admin/server/api/v1/hrc/auth.go:369	login failed	{"node": "", "app_id": "", "env": "", "error": "Error 1062 (23000): Duplicate entry '13300001111' for key 'ms_members.idx_ms_members_username'"}
[github.com/flipped-aurora/gin-vue-admin/server]2026-08-14 16:18:12.816	[33mwarn[0m	C:/Users/18089/Desktop/MSTN/msrc-admin/server/api/v1/hrc/auth.go:369	login failed	{"node": "", "app_id": "", "env": "", "error": "该账号已注册，请直接登录"}
[github.com/flipped-aurora/gin-vue-admin/server]2026-08-14 16:27:29.704	[33mwarn[0m	C:/Users/18089/Desktop/MSTN/msrc-admin/server/api/v1/hrc/auth.go:369	login failed	{"node": "", "app_id": "", "env": "", "error": "该账号未设置密码，请用短信验证码登录后设置密码"}
[github.com/flipped-aurora/gin-vue-admin/server]2026-08-14 17:20:47.108	[33mwarn[0m	C:/Users/18089/Desktop/MSTN/msrc-admin/server/api/v1/hrc/auth.go:369	login failed	{"node": "", "app_id": "", "env": "", "error": "密码错误"}
