[github.com/flipped-aurora/gin-vue-admin/server]2026-08-21 09:14:14.588	[31merror[0m	C:/Users/18089/Desktop/MSTN/msrc-admin/server/core/server_run.go:37	server启动失败	{"node": "", "app_id": "", "env": "", "error": "listen tcp :8888: bind: Only one usage of each socket address (protocol/network address/port) is normally permitted."}
github.com/flipped-aurora/gin-vue-admin/server/core.initServer.func1
	C:/Users/18089/Desktop/MSTN/msrc-admin/server/core/server_run.go:37
[github.com/flipped-aurora/gin-vue-admin/server]2026-08-21 09:58:31.778	[31merror[0m	C:/Users/18089/Desktop/MSTN/msrc-admin/server/middleware/hrc/member_jwt.go:95	member jwt parse failed	{"node": "", "app_id": "", "env": "", "error": "token signature is invalid: signature is invalid"}
github.com/flipped-aurora/gin-vue-admin/server/middleware/hrc.(*MemberJWT).ParseToken
	C:/Users/18089/Desktop/MSTN/msrc-admin/server/middleware/hrc/member_jwt.go:95
github.com/flipped-aurora/gin-vue-admin/server/router/hrc.(*ApplyRouter).InitApplyRouter.MemberAuth.func1
	C:/Users/18089/Desktop/MSTN/msrc-admin/server/middleware/hrc/member_jwt.go:117
github.com/gin-gonic/gin.(*Context).Next
	C:/Users/18089/go/pkg/mod/github.com/gin-gonic/gin@v1.10.0/context.go:185
github.com/flipped-aurora/gin-vue-admin/server/middleware.UploadResponseHeaders.func1
	C:/Users/18089/Desktop/MSTN/msrc-admin/server/middleware/upload_security.go:25
github.com/gin-gonic/gin.(*Context).Next
	C:/Users/18089/go/pkg/mod/github.com/gin-gonic/gin@v1.10.0/context.go:185
github.com/gin-gonic/gin.LoggerWithConfig.func1
	C:/Users/18089/go/pkg/mod/github.com/gin-gonic/gin@v1.10.0/logger.go:249
github.com/gin-gonic/gin.(*Context).Next
	C:/Users/18089/go/pkg/mod/github.com/gin-gonic/gin@v1.10.0/context.go:185
github.com/flipped-aurora/gin-vue-admin/server/initialize.Routers.AccessLog.func4
	C:/Users/18089/Desktop/MSTN/msrc-admin/server/middleware/access_log.go:73
github.com/gin-gonic/gin.(*Context).Next
	C:/Users/18089/go/pkg/mod/github.com/gin-gonic/gin@v1.10.0/context.go:185
github.com/flipped-aurora/gin-vue-admin/server/initialize.Routers.GinRecovery.func3
	C:/Users/18089/Desktop/MSTN/msrc-admin/server/middleware/error.go:56
github.com/gin-gonic/gin.(*Context).Next
	C:/Users/18089/go/pkg/mod/github.com/gin-gonic/gin@v1.10.0/context.go:185
github.com/flipped-aurora/gin-vue-admin/server/initialize.Routers.RequestMeta.func2
	C:/Users/18089/Desktop/MSTN/msrc-admin/server/middleware/request_meta.go:39
github.com/gin-gonic/gin.(*Context).Next
	C:/Users/18089/go/pkg/mod/github.com/gin-gonic/gin@v1.10.0/context.go:185
github.com/gin-gonic/gin.(*Engine).handleHTTPRequest
	C:/Users/18089/go/pkg/mod/github.com/gin-gonic/gin@v1.10.0/gin.go:633
github.com/gin-gonic/gin.(*Engine).ServeHTTP
	C:/Users/18089/go/pkg/mod/github.com/gin-gonic/gin@v1.10.0/gin.go:589
net/http.serverHandler.ServeHTTP
	C:/Program Files/Go/src/net/http/server.go:3340
net/http.(*conn).serve
	C:/Program Files/Go/src/net/http/server.go:2109
[github.com/flipped-aurora/gin-vue-admin/server]2026-08-21 09:58:32.561	[31merror[0m	C:/Users/18089/Desktop/MSTN/msrc-admin/server/middleware/hrc/member_jwt.go:95	member jwt parse failed	{"node": "", "app_id": "", "env": "", "error": "token signature is invalid: signature is invalid"}
github.com/flipped-aurora/gin-vue-admin/server/middleware/hrc.(*MemberJWT).ParseToken
	C:/Users/18089/Desktop/MSTN/msrc-admin/server/middleware/hrc/member_jwt.go:95
github.com/flipped-aurora/gin-vue-admin/server/router/hrc.(*ProfileRouter).InitProfileRouter.MemberAuth.func3
	C:/Users/18089/Desktop/MSTN/msrc-admin/server/middleware/hrc/member_jwt.go:117
github.com/gin-gonic/gin.(*Context).Next
	C:/Users/18089/go/pkg/mod/github.com/gin-gonic/gin@v1.10.0/context.go:185
github.com/flipped-aurora/gin-vue-admin/server/middleware.UploadResponseHeaders.func1
	C:/Users/18089/Desktop/MSTN/msrc-admin/server/middleware/upload_security.go:25
github.com/gin-gonic/gin.(*Context).Next
	C:/Users/18089/go/pkg/mod/github.com/gin-gonic/gin@v1.10.0/context.go:185
github.com/gin-gonic/gin.LoggerWithConfig.func1
	C:/Users/18089/go/pkg/mod/github.com/gin-gonic/gin@v1.10.0/logger.go:249
github.com/gin-gonic/gin.(*Context).Next
	C:/Users/18089/go/pkg/mod/github.com/gin-gonic/gin@v1.10.0/context.go:185
github.com/flipped-aurora/gin-vue-admin/server/initialize.Routers.AccessLog.func4
	C:/Users/18089/Desktop/MSTN/msrc-admin/server/middleware/access_log.go:73
github.com/gin-gonic/gin.(*Context).Next
	C:/Users/18089/go/pkg/mod/github.com/gin-gonic/gin@v1.10.0/context.go:185
github.com/flipped-aurora/gin-vue-admin/server/initialize.Routers.GinRecovery.func3
	C:/Users/18089/Desktop/MSTN/msrc-admin/server/middleware/error.go:56
github.com/gin-gonic/gin.(*Context).Next
	C:/Users/18089/go/pkg/mod/github.com/gin-gonic/gin@v1.10.0/context.go:185
github.com/flipped-aurora/gin-vue-admin/server/initialize.Routers.RequestMeta.func2
	C:/Users/18089/Desktop/MSTN/msrc-admin/server/middleware/request_meta.go:39
github.com/gin-gonic/gin.(*Context).Next
	C:/Users/18089/go/pkg/mod/github.com/gin-gonic/gin@v1.10.0/context.go:185
github.com/gin-gonic/gin.(*Engine).handleHTTPRequest
	C:/Users/18089/go/pkg/mod/github.com/gin-gonic/gin@v1.10.0/gin.go:633
github.com/gin-gonic/gin.(*Engine).ServeHTTP
	C:/Users/18089/go/pkg/mod/github.com/gin-gonic/gin@v1.10.0/gin.go:589
net/http.serverHandler.ServeHTTP
	C:/Program Files/Go/src/net/http/server.go:3340
net/http.(*conn).serve
	C:/Program Files/Go/src/net/http/server.go:2109
[github.com/flipped-aurora/gin-vue-admin/server]2026-08-21 12:29:26.681	[31merror[0m	C:/Users/18089/Desktop/MSTN/msrc-admin/server/core/server_run.go:37	server启动失败	{"node": "", "app_id": "", "env": "", "error": "listen tcp :8888: bind: Only one usage of each socket address (protocol/network address/port) is normally permitted."}
github.com/flipped-aurora/gin-vue-admin/server/core.initServer.func1
	C:/Users/18089/Desktop/MSTN/msrc-admin/server/core/server_run.go:37
[github.com/flipped-aurora/gin-vue-admin/server]2026-08-21 12:29:33.198	[31merror[0m	C:/Users/18089/Desktop/MSTN/msrc-admin/server/core/server_run.go:37	server启动失败	{"node": "", "app_id": "", "env": "", "error": "listen tcp :8888: bind: Only one usage of each socket address (protocol/network address/port) is normally permitted."}
github.com/flipped-aurora/gin-vue-admin/server/core.initServer.func1
	C:/Users/18089/Desktop/MSTN/msrc-admin/server/core/server_run.go:37
[github.com/flipped-aurora/gin-vue-admin/server]2026-08-21 12:29:47.502	[31merror[0m	C:/Users/18089/Desktop/MSTN/msrc-admin/server/core/server_run.go:37	server启动失败	{"node": "", "app_id": "", "env": "", "error": "listen tcp :8888: bind: Only one usage of each socket address (protocol/network address/port) is normally permitted."}
github.com/flipped-aurora/gin-vue-admin/server/core.initServer.func1
	C:/Users/18089/Desktop/MSTN/msrc-admin/server/core/server_run.go:37
[github.com/flipped-aurora/gin-vue-admin/server]2026-08-21 14:56:07.662	[31merror[0m	C:/Users/18089/Desktop/MSTN/msrc-admin/server/api/v1/system/sys_user.go:76	登陆失败! 用户名不存在或者密码错误!	{"node": "", "app_id": "", "env": "", "mod": "biz", "request_id": "780ab62c-1f99-423a-82c1-ac3bac818266", "trace_id": "e4b1f942d53dc78a2bc0776751fa7803", "device_id": "", "client_ip": "127.0.0.1", "http_method": "POST", "http_path": "/base/login", "span_id": "c1a7297f4b4c3ef4", "error_msg": "record not found", "error_stack": "github.com/flipped-aurora/gin-vue-admin/server/utils/logger.(*Builder).assemble\n\tC:/Users/18089/Desktop/MSTN/msrc-admin/server/utils/logger/builder.go:64\ngithub.com/flipped-aurora/gin-vue-admin/server/utils/logger.(*Builder).log\n\tC:/Users/18089/Desktop/MSTN/msrc-admin/server/utils/logger/builder.go:75\ngithub.com/flipped-aurora/gin-vue-admin/server/utils/logger.(*Builder).Error\n\tC:/Users/18089/Desktop/MSTN/msrc-admin/server/utils/logger/builder.go:81\ngithub.com/flipped-aurora/gin-vue-admin/server/api/v1/system.(*BaseApi).Login\n\tC:/Users/18089/Desktop/MSTN/msrc-admin/server/api/v1/system/sys_user.go:76\ngithub.com/gin-gonic/gin.(*Context).Next\n\tC:/Users/18089/go/pkg/mod/github.com/gin-gonic/gin@v1.10.0/context.go:185\ngithub.com/flipped-aurora/gin-vue-admin/server/router/system.(*BaseRouter).InitBaseRouter.SecurityLimit.func1\n\tC:/Users/18089/Desktop/MSTN/msrc-admin/server/middleware/limit_ip.go:98\ngithub.com/gin-gonic/gin.(*Context).Next\n\tC:/Users/18089/go/pkg/mod/github.com/gin-gonic/gin@v1.10.0/context.go:185\ngithub.com/flipped-aurora/gin-vue-admin/server/middleware.UploadResponseHeaders.func1\n\tC:/Users/18089/Desktop/MSTN/msrc-admin/server/middleware/upload_security.go:25\ngithub.com/gin-gonic/gin.(*Context).Next\n\tC:/Users/18089/go/pkg/mod/github.com/gin-gonic/gin@v1.10.0/context.go:185\ngithub.com/gin-gonic/gin.LoggerWithConfig.func1\n\tC:/Users/18089/go/pkg/mod/github.com/gin-gonic/gin@v1.10.0/logger.go:249\ngithub.com/gin-gonic/gin.(*Context).Next\n\tC:/Users/18089/go/pkg/mod/github.com/gin-gonic/gin@v1.10.0/context.go:185\ngithub.com/flipped-aurora/gin-vue-admin/server/initialize.Routers.AccessLog.func4\n\tC:/Users/18089/Desktop/MSTN/msrc-admin/server/middleware/access_log.go:73\ngithub.com/gin-gonic/gin.(*Context).Next\n\tC:/Users/18089/go/pkg/mod/github.com/gin-gonic/gin@v1.10.0/context.go:185\ngithub.com/flipped-aurora/gin-vue-admin/server/initialize.Routers.GinRecovery.func3\n\tC:/Users/18089/Desktop/MSTN/msrc-admin/server/middleware/error.go:56\ngithub.com/gin-gonic/gin.(*Context).Next\n\tC:/Users/18089/go/pkg/mod/github.com/gin-gonic/gin@v1.10.0/context.go:185\ngithub.com/flipped-aurora/gin-vue-admin/server/initialize.Routers.RequestMeta.func2\n\tC:/Users/18089/Desktop/MSTN/msrc-admin/server/middleware/request_meta.go:39\ngithub.com/gin-gonic/gin.(*Context).Next\n\tC:/Users/18089/go/pkg/mod/github.com/gin-gonic/gin@v1.10.0/context.go:185\ngithub.com/gin-gonic/gin.(*Engine).handleHTTPRequest\n\tC:/Users/18089/go/pkg/mod/github.com/gin-gonic/gin@v1.10.0/gin.go:633\ngithub.com/gin-gonic/gin.(*Engine).ServeHTTP\n\tC:/Users/18089/go/pkg/mod/github.com/gin-gonic/gin@v1.10.0/gin.go:589\nnet/http.serverHandler.ServeHTTP\n\tC:/Program Files/Go/src/net/http/server.go:3340\nnet/http.(*conn).serve\n\tC:/Program Files/Go/src/net/http/server.go:2109"}
github.com/flipped-aurora/gin-vue-admin/server/api/v1/system.(*BaseApi).Login
	C:/Users/18089/Desktop/MSTN/msrc-admin/server/api/v1/system/sys_user.go:76
github.com/gin-gonic/gin.(*Context).Next
	C:/Users/18089/go/pkg/mod/github.com/gin-gonic/gin@v1.10.0/context.go:185
github.com/flipped-aurora/gin-vue-admin/server/router/system.(*BaseRouter).InitBaseRouter.SecurityLimit.func1
	C:/Users/18089/Desktop/MSTN/msrc-admin/server/middleware/limit_ip.go:98
github.com/gin-gonic/gin.(*Context).Next
	C:/Users/18089/go/pkg/mod/github.com/gin-gonic/gin@v1.10.0/context.go:185
github.com/flipped-aurora/gin-vue-admin/server/middleware.UploadResponseHeaders.func1
	C:/Users/18089/Desktop/MSTN/msrc-admin/server/middleware/upload_security.go:25
github.com/gin-gonic/gin.(*Context).Next
	C:/Users/18089/go/pkg/mod/github.com/gin-gonic/gin@v1.10.0/context.go:185
github.com/gin-gonic/gin.LoggerWithConfig.func1
	C:/Users/18089/go/pkg/mod/github.com/gin-gonic/gin@v1.10.0/logger.go:249
github.com/gin-gonic/gin.(*Context).Next
	C:/Users/18089/go/pkg/mod/github.com/gin-gonic/gin@v1.10.0/context.go:185
github.com/flipped-aurora/gin-vue-admin/server/initialize.Routers.AccessLog.func4
	C:/Users/18089/Desktop/MSTN/msrc-admin/server/middleware/access_log.go:73
github.com/gin-gonic/gin.(*Context).Next
	C:/Users/18089/go/pkg/mod/github.com/gin-gonic/gin@v1.10.0/context.go:185
github.com/flipped-aurora/gin-vue-admin/server/initialize.Routers.GinRecovery.func3
	C:/Users/18089/Desktop/MSTN/msrc-admin/server/middleware/error.go:56
github.com/gin-gonic/gin.(*Context).Next
	C:/Users/18089/go/pkg/mod/github.com/gin-gonic/gin@v1.10.0/context.go:185
github.com/flipped-aurora/gin-vue-admin/server/initialize.Routers.RequestMeta.func2
	C:/Users/18089/Desktop/MSTN/msrc-admin/server/middleware/request_meta.go:39
github.com/gin-gonic/gin.(*Context).Next
	C:/Users/18089/go/pkg/mod/github.com/gin-gonic/gin@v1.10.0/context.go:185
github.com/gin-gonic/gin.(*Engine).handleHTTPRequest
	C:/Users/18089/go/pkg/mod/github.com/gin-gonic/gin@v1.10.0/gin.go:633
github.com/gin-gonic/gin.(*Engine).ServeHTTP
	C:/Users/18089/go/pkg/mod/github.com/gin-gonic/gin@v1.10.0/gin.go:589
net/http.serverHandler.ServeHTTP
	C:/Program Files/Go/src/net/http/server.go:3340
net/http.(*conn).serve
	C:/Program Files/Go/src/net/http/server.go:2109
[github.com/flipped-aurora/gin-vue-admin/server]2026-08-21 14:57:08.455	[31merror[0m	C:/Users/18089/Desktop/MSTN/msrc-admin/server/initialize/internal/gorm_logger_writer.go:54	SQL 执行错误	{"node": "", "app_id": "", "env": "", "sql": "INSERT INTO `sys_error` (`created_at`,`updated_at`,`deleted_at`,`form`,`info`,`level`,`request_id`,`trace_id`,`solution`,`status`) VALUES ('2026-08-21 14:57:08.453','2026-08-21 14:57:08.453',NULL,'前端','错误信息: TypeError: Cannot read properties of undefined (reading ''forEach'')\nStack: 调用栈: TypeError: Cannot read properties of undefined (reading ''forEach'')\n    at http://localhost:8080/src/pinia/modules/router.js:145:36\n    at callWithErrorHandling (http://localhost:8080/node_modules/.vite/deps/runtime-dom.esm-bundler-DmofmMhs.js?v=0922c4cc:2103:17)\n    at callWithAsyncErrorHandling (http://localhost:8080/node_modules/.vite/deps/runtime-dom.esm-bundler-DmofmMhs.js?v=0922c4cc:2110:15)\n    at baseWatchOptions.call (http://localhost:8080/node_modules/.vite/deps/runtime-dom.esm-bundler-DmofmMhs.js?v=0922c4cc:2558:46)\n    at ReactiveEffect.getter [as fn] (http://localhost:8080/node_modules/.vite/deps/runtime-dom.esm-bundler-DmofmMhs.js?v=0922c4cc:1211:19)\n    at ReactiveEffect.run (http://localhost:8080/node_modules/.vite/deps/runtime-dom.esm-bundler-DmofmMhs.js?v=0922c4cc:1492:17)\n    at job (http://localhost:8080/node_modules/.vite/deps/runtime-dom.esm-bundler-DmofmMhs.js?v=0922c4cc:1259:17)\n    at callWithErrorHandling (http://localhost:8080/node_modules/.vite/deps/runtime-dom.esm-bundler-DmofmMhs.js?v=0922c4cc:2103:31)\n    at flushJobs (http://localhost:8080/node_modules/.vite/deps/runtime-dom.esm-bundler-DmofmMhs.js?v=0922c4cc:2243:5)','error','','',NULL,'未处理')", "rows": 0, "elapsed_ms": 0, "mod": "sql", "request_id": "d38b36cc-a360-4af6-891a-c85cbef227a2", "trace_id": "1b9370a7f368b116b87b40c5255f1791", "device_id": "", "client_ip": "127.0.0.1", "http_method": "POST", "http_path": "/sysError/createSysError", "span_id": "48af70ea6c0a3f82", "error_msg": "Error 1049 (42000): Unknown database 'gva'", "error_stack": "github.com/flipped-aurora/gin-vue-admin/server/utils/logger.(*Builder).assemble\n\tC:/Users/18089/Desktop/MSTN/msrc-admin/server/utils/logger/builder.go:64\ngithub.com/flipped-aurora/gin-vue-admin/server/utils/logger.(*Builder).log\n\tC:/Users/18089/Desktop/MSTN/msrc-admin/server/utils/logger/builder.go:75\ngithub.com/flipped-aurora/gin-vue-admin/server/utils/logger.(*Builder).Error\n\tC:/Users/18089/Desktop/MSTN/msrc-admin/server/utils/logger/builder.go:81\ngithub.com/flipped-aurora/gin-vue-admin/server/initialize/internal.(*GormLogger).Trace\n\tC:/Users/18089/Desktop/MSTN/msrc-admin/server/initialize/internal/gorm_logger_writer.go:54\ngorm.io/gorm.(*processor).Execute\n\tC:/Users/18089/go/pkg/mod/gorm.io/gorm@v1.31.1/callbacks.go:140\ngorm.io/gorm.(*DB).Create\n\tC:/Users/18089/go/pkg/mod/gorm.io/gorm@v1.31.1/finisher_api.go:26\ngithub.com/flipped-aurora/gin-vue-admin/server/service/system.(*SysErrorService).CreateSysError\n\tC:/Users/18089/Desktop/MSTN/msrc-admin/server/service/system/sys_error.go:20\ngithub.com/flipped-aurora/gin-vue-admin/server/api/v1/system.(*SysErrorApi).CreateSysError\n\tC:/Users/18089/Desktop/MSTN/msrc-admin/server/api/v1/system/sys_error.go:32\ngithub.com/gin-gonic/gin.(*Context).Next\n\tC:/Users/18089/go/pkg/mod/github.com/gin-gonic/gin@v1.10.0/context.go:185\ngithub.com/flipped-aurora/gin-vue-admin/server/middleware.UploadResponseHeaders.func1\n\tC:/Users/18089/Desktop/MSTN/msrc-admin/server/middleware/upload_security.go:25\ngithub.com/gin-gonic/gin.(*Context).Next\n\tC:/Users/18089/go/pkg/mod/github.com/gin-gonic/gin@v1.10.0/context.go:185\ngithub.com/gin-gonic/gin.LoggerWithConfig.func1\n\tC:/Users/18089/go/pkg/mod/github.com/gin-gonic/gin@v1.10.0/logger.go:249\ngithub.com/gin-gonic/gin.(*Context).Next\n\tC:/Users/18089/go/pkg/mod/github.com/gin-gonic/gin@v1.10.0/context.go:185\ngithub.com/flipped-aurora/gin-vue-admin/server/initialize.Routers.AccessLog.func4\n\tC:/Users/18089/Desktop/MSTN/msrc-admin/server/middleware/access_log.go:73\ngithub.com/gin-gonic/gin.(*Context).Next\n\tC:/Users/18089/go/pkg/mod/github.com/gin-gonic/gin@v1.10.0/context.go:185\ngithub.com/flipped-aurora/gin-vue-admin/server/initialize.Routers.GinRecovery.func3\n\tC:/Users/18089/Desktop/MSTN/msrc-admin/server/middleware/error.go:56\ngithub.com/gin-gonic/gin.(*Context).Next\n\tC:/Users/18089/go/pkg/mod/github.com/gin-gonic/gin@v1.10.0/context.go:185\ngithub.com/flipped-aurora/gin-vue-admin/server/initialize.Routers.RequestMeta.func2\n\tC:/Users/18089/Desktop/MSTN/msrc-admin/server/middleware/request_meta.go:39\ngithub.com/gin-gonic/gin.(*Context).Next\n\tC:/Users/18089/go/pkg/mod/github.com/gin-gonic/gin@v1.10.0/context.go:185\ngithub.com/gin-gonic/gin.(*Engine).handleHTTPRequest\n\tC:/Users/18089/go/pkg/mod/github.com/gin-gonic/gin@v1.10.0/gin.go:633\ngithub.com/gin-gonic/gin.(*Engine).ServeHTTP\n\tC:/Users/18089/go/pkg/mod/github.com/gin-gonic/gin@v1.10.0/gin.go:589\nnet/http.serverHandler.ServeHTTP\n\tC:/Program Files/Go/src/net/http/server.go:3340\nnet/http.(*conn).serve\n\tC:/Program Files/Go/src/net/http/server.go:2109"}
github.com/flipped-aurora/gin-vue-admin/server/initialize/internal.(*GormLogger).Trace
	C:/Users/18089/Desktop/MSTN/msrc-admin/server/initialize/internal/gorm_logger_writer.go:54
gorm.io/gorm.(*processor).Execute
	C:/Users/18089/go/pkg/mod/gorm.io/gorm@v1.31.1/callbacks.go:140
gorm.io/gorm.(*DB).Create
	C:/Users/18089/go/pkg/mod/gorm.io/gorm@v1.31.1/finisher_api.go:26
github.com/flipped-aurora/gin-vue-admin/server/service/system.(*SysErrorService).CreateSysError
	C:/Users/18089/Desktop/MSTN/msrc-admin/server/service/system/sys_error.go:20
github.com/flipped-aurora/gin-vue-admin/server/api/v1/system.(*SysErrorApi).CreateSysError
	C:/Users/18089/Desktop/MSTN/msrc-admin/server/api/v1/system/sys_error.go:32
github.com/gin-gonic/gin.(*Context).Next
	C:/Users/18089/go/pkg/mod/github.com/gin-gonic/gin@v1.10.0/context.go:185
github.com/flipped-aurora/gin-vue-admin/server/middleware.UploadResponseHeaders.func1
	C:/Users/18089/Desktop/MSTN/msrc-admin/server/middleware/upload_security.go:25
github.com/gin-gonic/gin.(*Context).Next
	C:/Users/18089/go/pkg/mod/github.com/gin-gonic/gin@v1.10.0/context.go:185
github.com/gin-gonic/gin.LoggerWithConfig.func1
	C:/Users/18089/go/pkg/mod/github.com/gin-gonic/gin@v1.10.0/logger.go:249
github.com/gin-gonic/gin.(*Context).Next
	C:/Users/18089/go/pkg/mod/github.com/gin-gonic/gin@v1.10.0/context.go:185
github.com/flipped-aurora/gin-vue-admin/server/initialize.Routers.AccessLog.func4
	C:/Users/18089/Desktop/MSTN/msrc-admin/server/middleware/access_log.go:73
github.com/gin-gonic/gin.(*Context).Next
	C:/Users/18089/go/pkg/mod/github.com/gin-gonic/gin@v1.10.0/context.go:185
github.com/flipped-aurora/gin-vue-admin/server/initialize.Routers.GinRecovery.func3
	C:/Users/18089/Desktop/MSTN/msrc-admin/server/middleware/error.go:56
github.com/gin-gonic/gin.(*Context).Next
	C:/Users/18089/go/pkg/mod/github.com/gin-gonic/gin@v1.10.0/context.go:185
github.com/flipped-aurora/gin-vue-admin/server/initialize.Routers.RequestMeta.func2
	C:/Users/18089/Desktop/MSTN/msrc-admin/server/middleware/request_meta.go:39
github.com/gin-gonic/gin.(*Context).Next
	C:/Users/18089/go/pkg/mod/github.com/gin-gonic/gin@v1.10.0/context.go:185
github.com/gin-gonic/gin.(*Engine).handleHTTPRequest
	C:/Users/18089/go/pkg/mod/github.com/gin-gonic/gin@v1.10.0/gin.go:633
github.com/gin-gonic/gin.(*Engine).ServeHTTP
	C:/Users/18089/go/pkg/mod/github.com/gin-gonic/gin@v1.10.0/gin.go:589
net/http.serverHandler.ServeHTTP
	C:/Program Files/Go/src/net/http/server.go:3340
net/http.(*conn).serve
	C:/Program Files/Go/src/net/http/server.go:2109
[github.com/flipped-aurora/gin-vue-admin/server]2026-08-21 14:57:08.457	[31merror[0m	C:/Users/18089/Desktop/MSTN/msrc-admin/server/api/v1/system/sys_error.go:34	创建失败!	{"node": "", "app_id": "", "env": "", "mod": "biz", "request_id": "d38b36cc-a360-4af6-891a-c85cbef227a2", "trace_id": "1b9370a7f368b116b87b40c5255f1791", "device_id": "", "client_ip": "127.0.0.1", "http_method": "POST", "http_path": "/sysError/createSysError", "span_id": "48af70ea6c0a3f82", "error_msg": "Error 1049 (42000): Unknown database 'gva'", "error_stack": "github.com/flipped-aurora/gin-vue-admin/server/utils/logger.(*Builder).assemble\n\tC:/Users/18089/Desktop/MSTN/msrc-admin/server/utils/logger/builder.go:64\ngithub.com/flipped-aurora/gin-vue-admin/server/utils/logger.(*Builder).log\n\tC:/Users/18089/Desktop/MSTN/msrc-admin/server/utils/logger/builder.go:75\ngithub.com/flipped-aurora/gin-vue-admin/server/utils/logger.(*Builder).Error\n\tC:/Users/18089/Desktop/MSTN/msrc-admin/server/utils/logger/builder.go:81\ngithub.com/flipped-aurora/gin-vue-admin/server/api/v1/system.(*SysErrorApi).CreateSysError\n\tC:/Users/18089/Desktop/MSTN/msrc-admin/server/api/v1/system/sys_error.go:34\ngithub.com/gin-gonic/gin.(*Context).Next\n\tC:/Users/18089/go/pkg/mod/github.com/gin-gonic/gin@v1.10.0/context.go:185\ngithub.com/flipped-aurora/gin-vue-admin/server/middleware.UploadResponseHeaders.func1\n\tC:/Users/18089/Desktop/MSTN/msrc-admin/server/middleware/upload_security.go:25\ngithub.com/gin-gonic/gin.(*Context).Next\n\tC:/Users/18089/go/pkg/mod/github.com/gin-gonic/gin@v1.10.0/context.go:185\ngithub.com/gin-gonic/gin.LoggerWithConfig.func1\n\tC:/Users/18089/go/pkg/mod/github.com/gin-gonic/gin@v1.10.0/logger.go:249\ngithub.com/gin-gonic/gin.(*Context).Next\n\tC:/Users/18089/go/pkg/mod/github.com/gin-gonic/gin@v1.10.0/context.go:185\ngithub.com/flipped-aurora/gin-vue-admin/server/initialize.Routers.AccessLog.func4\n\tC:/Users/18089/Desktop/MSTN/msrc-admin/server/middleware/access_log.go:73\ngithub.com/gin-gonic/gin.(*Context).Next\n\tC:/Users/18089/go/pkg/mod/github.com/gin-gonic/gin@v1.10.0/context.go:185\ngithub.com/flipped-aurora/gin-vue-admin/server/initialize.Routers.GinRecovery.func3\n\tC:/Users/18089/Desktop/MSTN/msrc-admin/server/middleware/error.go:56\ngithub.com/gin-gonic/gin.(*Context).Next\n\tC:/Users/18089/go/pkg/mod/github.com/gin-gonic/gin@v1.10.0/context.go:185\ngithub.com/flipped-aurora/gin-vue-admin/server/initialize.Routers.RequestMeta.func2\n\tC:/Users/18089/Desktop/MSTN/msrc-admin/server/middleware/request_meta.go:39\ngithub.com/gin-gonic/gin.(*Context).Next\n\tC:/Users/18089/go/pkg/mod/github.com/gin-gonic/gin@v1.10.0/context.go:185\ngithub.com/gin-gonic/gin.(*Engine).handleHTTPRequest\n\tC:/Users/18089/go/pkg/mod/github.com/gin-gonic/gin@v1.10.0/gin.go:633\ngithub.com/gin-gonic/gin.(*Engine).ServeHTTP\n\tC:/Users/18089/go/pkg/mod/github.com/gin-gonic/gin@v1.10.0/gin.go:589\nnet/http.serverHandler.ServeHTTP\n\tC:/Program Files/Go/src/net/http/server.go:3340\nnet/http.(*conn).serve\n\tC:/Program Files/Go/src/net/http/server.go:2109"}
github.com/flipped-aurora/gin-vue-admin/server/api/v1/system.(*SysErrorApi).CreateSysError
	C:/Users/18089/Desktop/MSTN/msrc-admin/server/api/v1/system/sys_error.go:34
github.com/gin-gonic/gin.(*Context).Next
	C:/Users/18089/go/pkg/mod/github.com/gin-gonic/gin@v1.10.0/context.go:185
github.com/flipped-aurora/gin-vue-admin/server/middleware.UploadResponseHeaders.func1
	C:/Users/18089/Desktop/MSTN/msrc-admin/server/middleware/upload_security.go:25
github.com/gin-gonic/gin.(*Context).Next
	C:/Users/18089/go/pkg/mod/github.com/gin-gonic/gin@v1.10.0/context.go:185
github.com/gin-gonic/gin.LoggerWithConfig.func1
	C:/Users/18089/go/pkg/mod/github.com/gin-gonic/gin@v1.10.0/logger.go:249
github.com/gin-gonic/gin.(*Context).Next
	C:/Users/18089/go/pkg/mod/github.com/gin-gonic/gin@v1.10.0/context.go:185
github.com/flipped-aurora/gin-vue-admin/server/initialize.Routers.AccessLog.func4
	C:/Users/18089/Desktop/MSTN/msrc-admin/server/middleware/access_log.go:73
github.com/gin-gonic/gin.(*Context).Next
	C:/Users/18089/go/pkg/mod/github.com/gin-gonic/gin@v1.10.0/context.go:185
github.com/flipped-aurora/gin-vue-admin/server/initialize.Routers.GinRecovery.func3
	C:/Users/18089/Desktop/MSTN/msrc-admin/server/middleware/error.go:56
github.com/gin-gonic/gin.(*Context).Next
	C:/Users/18089/go/pkg/mod/github.com/gin-gonic/gin@v1.10.0/context.go:185
github.com/flipped-aurora/gin-vue-admin/server/initialize.Routers.RequestMeta.func2
	C:/Users/18089/Desktop/MSTN/msrc-admin/server/middleware/request_meta.go:39
github.com/gin-gonic/gin.(*Context).Next
	C:/Users/18089/go/pkg/mod/github.com/gin-gonic/gin@v1.10.0/context.go:185
github.com/gin-gonic/gin.(*Engine).handleHTTPRequest
	C:/Users/18089/go/pkg/mod/github.com/gin-gonic/gin@v1.10.0/gin.go:633
github.com/gin-gonic/gin.(*Engine).ServeHTTP
	C:/Users/18089/go/pkg/mod/github.com/gin-gonic/gin@v1.10.0/gin.go:589
net/http.serverHandler.ServeHTTP
	C:/Program Files/Go/src/net/http/server.go:3340
net/http.(*conn).serve
	C:/Program Files/Go/src/net/http/server.go:2109
[github.com/flipped-aurora/gin-vue-admin/server]2026-08-21 14:57:08.460	[31merror[0m	C:/Users/18089/Desktop/MSTN/msrc-admin/server/initialize/internal/gorm_logger_writer.go:54	SQL 执行错误	{"node": "", "app_id": "", "env": "", "sql": "INSERT INTO `sys_error` (`created_at`,`updated_at`,`deleted_at`,`form`,`info`,`level`,`request_id`,`trace_id`,`solution`,`status`) VALUES ('2026-08-21 14:57:08.46','2026-08-21 14:57:08.46',NULL,'后端','创建失败! \n 源文件:C:/Users/18089/Desktop/MSTN/msrc-admin/server/api/v1/system/sys_error.go:34 \n 调用栈：github.com/flipped-aurora/gin-vue-admin/server/api/v1/system.(*SysErrorApi).CreateSysError\n\tC:/Users/18089/Desktop/MSTN/msrc-admin/server/api/v1/system/sys_error.go:34\ngithub.com/gin-gonic/gin.(*Context).Next\n\tC:/Users/18089/go/pkg/mod/github.com/gin-gonic/gin@v1.10.0/context.go:185\ngithub.com/flipped-aurora/gin-vue-admin/server/middleware.UploadResponseHeaders.func1\n\tC:/Users/18089/Desktop/MSTN/msrc-admin/server/middleware/upload_security.go:25\ngithub.com/gin-gonic/gin.(*Context).Next\n\tC:/Users/18089/go/pkg/mod/github.com/gin-gonic/gin@v1.10.0/context.go:185\ngithub.com/gin-gonic/gin.LoggerWithConfig.func1\n\tC:/Users/18089/go/pkg/mod/github.com/gin-gonic/gin@v1.10.0/logger.go:249\ngithub.com/gin-gonic/gin.(*Context).Next\n\tC:/Users/18089/go/pkg/mod/github.com/gin-gonic/gin@v1.10.0/context.go:185\ngithub.com/flipped-aurora/gin-vue-admin/server/initialize.Routers.AccessLog.func4\n\tC:/Users/18089/Desktop/MSTN/msrc-admin/server/middleware/access_log.go:73\ngithub.com/gin-gonic/gin.(*Context).Next\n\tC:/Users/18089/go/pkg/mod/github.com/gin-gonic/gin@v1.10.0/context.go:185\ngithub.com/flipped-aurora/gin-vue-admin/server/initialize.Routers.GinRecovery.func3\n\tC:/Users/18089/Desktop/MSTN/msrc-admin/server/middleware/error.go:56\ngithub.com/gin-gonic/gin.(*Context).Next\n\tC:/Users/18089/go/pkg/mod/github.com/gin-gonic/gin@v1.10.0/context.go:185\ngithub.com/flipped-aurora/gin-vue-admin/server/initialize.Routers.RequestMeta.func2\n\tC:/Users/18089/Desktop/MSTN/msrc-admin/server/middleware/request_meta.go:39\ngithub.com/gin-gonic/gin.(*Context).Next\n\tC:/Users/18089/go/pkg/mod/github.com/gin-gonic/gin@v1.10.0/context.go:185\ngithub.com/gin-gonic/gin.(*Engine).handleHTTPRequest\n\tC:/Users/18089/go/pkg/mod/github.com/gin-gonic/gin@v1.10.0/gin.go:633\ngithub.com/gin-gonic/gin.(*Engine).ServeHTTP\n\tC:/Users/18089/go/pkg/mod/github.com/gin-gonic/gin@v1.10.0/gin.go:589\nnet/http.serverHandler.ServeHTTP\n\tC:/Program Files/Go/src/net/http/server.go:3340\nnet/http.(*conn).serve\n\tC:/Program Files/Go/src/net/http/server.go:2109 \n 最终调用方法:C:/Users/18089/Desktop/MSTN/msrc-admin/server/api/v1/system/sys_error.go:34 (CreateSysError lines 22-39)\n----- 产生日志的方法代码如下 -----\nfunc (sysErrorApi *SysErrorApi) CreateSysError(c *gin.Context) {\n\t// 创建业务用Context\n\tctx := c.Request.Context()\n\n\tvar sysError system.SysError\n\terr := c.ShouldBindJSON(&sysError)\n\tif err != nil {\n\t\tresponse.FailWithMessage(err.Error(), c)\n\t\treturn\n\t}\n\terr = sysErrorService.CreateSysError(ctx, &sysError)\n\tif err != nil {\n\t\tlogger.WithCtx(c.Request.Context()).Mod(\"biz\").Err(err).Error(\"创建失败!\")\n\t\tresponse.FailWithMessage(\"创建失败:\"+err.Error(), c)\n\t\treturn\n\t}\n\tresponse.OkWithMessage(\"创建成功\", c)\n}','error','d38b36cc-a360-4af6-891a-c85cbef227a2','1b9370a7f368b116b87b40c5255f1791',NULL,'未处理')", "rows": 0, "elapsed_ms": 1, "mod": "sql", "request_id": "", "trace_id": "", "device_id": "", "client_ip": "", "http_method": "", "http_path": "", "error_msg": "Error 1049 (42000): Unknown database 'gva'", "error_stack": "github.com/flipped-aurora/gin-vue-admin/server/utils/logger.(*Builder).assemble\n\tC:/Users/18089/Desktop/MSTN/msrc-admin/server/utils/logger/builder.go:64\ngithub.com/flipped-aurora/gin-vue-admin/server/utils/logger.(*Builder).log\n\tC:/Users/18089/Desktop/MSTN/msrc-admin/server/utils/logger/builder.go:75\ngithub.com/flipped-aurora/gin-vue-admin/server/utils/logger.(*Builder).Error\n\tC:/Users/18089/Desktop/MSTN/msrc-admin/server/utils/logger/builder.go:81\ngithub.com/flipped-aurora/gin-vue-admin/server/initialize/internal.(*GormLogger).Trace\n\tC:/Users/18089/Desktop/MSTN/msrc-admin/server/initialize/internal/gorm_logger_writer.go:54\ngorm.io/gorm.(*processor).Execute\n\tC:/Users/18089/go/pkg/mod/gorm.io/gorm@v1.31.1/callbacks.go:140\ngorm.io/gorm.(*DB).Create\n\tC:/Users/18089/go/pkg/mod/gorm.io/gorm@v1.31.1/finisher_api.go:26\ngithub.com/flipped-aurora/gin-vue-admin/server/service/system.(*SysErrorService).CreateSysError\n\tC:/Users/18089/Desktop/MSTN/msrc-admin/server/service/system/sys_error.go:20\ngithub.com/flipped-aurora/gin-vue-admin/server/core/internal.(*ZapCore).Write\n\tC:/Users/18089/Desktop/MSTN/msrc-admin/server/core/internal/zap_core.go:180\ngo.uber.org/zap/zapcore.(*CheckedEntry).Write\n\tC:/Users/18089/go/pkg/mod/go.uber.org/zap@v1.27.0/zapcore/entry.go:253\ngithub.com/flipped-aurora/gin-vue-admin/server/utils/logger.(*Builder).log\n\tC:/Users/18089/Desktop/MSTN/msrc-admin/server/utils/logger/builder.go:75\ngithub.com/flipped-aurora/gin-vue-admin/server/utils/logger.(*Builder).Error\n\tC:/Users/18089/Desktop/MSTN/msrc-admin/server/utils/logger/builder.go:81\ngithub.com/flipped-aurora/gin-vue-admin/server/api/v1/system.(*SysErrorApi).CreateSysError\n\tC:/Users/18089/Desktop/MSTN/msrc-admin/server/api/v1/system/sys_error.go:34\ngithub.com/gin-gonic/gin.(*Context).Next\n\tC:/Users/18089/go/pkg/mod/github.com/gin-gonic/gin@v1.10.0/context.go:185\ngithub.com/flipped-aurora/gin-vue-admin/server/middleware.UploadResponseHeaders.func1\n\tC:/Users/18089/Desktop/MSTN/msrc-admin/server/middleware/upload_security.go:25\ngithub.com/gin-gonic/gin.(*Context).Next\n\tC:/Users/18089/go/pkg/mod/github.com/gin-gonic/gin@v1.10.0/context.go:185\ngithub.com/gin-gonic/gin.LoggerWithConfig.func1\n\tC:/Users/18089/go/pkg/mod/github.com/gin-gonic/gin@v1.10.0/logger.go:249\ngithub.com/gin-gonic/gin.(*Context).Next\n\tC:/Users/18089/go/pkg/mod/github.com/gin-gonic/gin@v1.10.0/context.go:185\ngithub.com/flipped-aurora/gin-vue-admin/server/initialize.Routers.AccessLog.func4\n\tC:/Users/18089/Desktop/MSTN/msrc-admin/server/middleware/access_log.go:73\ngithub.com/gin-gonic/gin.(*Context).Next\n\tC:/Users/18089/go/pkg/mod/github.com/gin-gonic/gin@v1.10.0/context.go:185\ngithub.com/flipped-aurora/gin-vue-admin/server/initialize.Routers.GinRecovery.func3\n\tC:/Users/18089/Desktop/MSTN/msrc-admin/server/middleware/error.go:56\ngithub.com/gin-gonic/gin.(*Context).Next\n\tC:/Users/18089/go/pkg/mod/github.com/gin-gonic/gin@v1.10.0/context.go:185\ngithub.com/flipped-aurora/gin-vue-admin/server/initialize.Routers.RequestMeta.func2\n\tC:/Users/18089/Desktop/MSTN/msrc-admin/server/middleware/request_meta.go:39\ngithub.com/gin-gonic/gin.(*Context).Next\n\tC:/Users/18089/go/pkg/mod/github.com/gin-gonic/gin@v1.10.0/context.go:185\ngithub.com/gin-gonic/gin.(*Engine).handleHTTPRequest\n\tC:/Users/18089/go/pkg/mod/github.com/gin-gonic/gin@v1.10.0/gin.go:633\ngithub.com/gin-gonic/gin.(*Engine).ServeHTTP\n\tC:/Users/18089/go/pkg/mod/github.com/gin-gonic/gin@v1.10.0/gin.go:589\nnet/http.serverHandler.ServeHTTP\n\tC:/Program Files/Go/src/net/http/server.go:3340\nnet/http.(*conn).serve\n\tC:/Program Files/Go/src/net/http/server.go:2109"}
github.com/flipped-aurora/gin-vue-admin/server/initialize/internal.(*GormLogger).Trace
	C:/Users/18089/Desktop/MSTN/msrc-admin/server/initialize/internal/gorm_logger_writer.go:54
gorm.io/gorm.(*processor).Execute
	C:/Users/18089/go/pkg/mod/gorm.io/gorm@v1.31.1/callbacks.go:140
gorm.io/gorm.(*DB).Create
	C:/Users/18089/go/pkg/mod/gorm.io/gorm@v1.31.1/finisher_api.go:26
github.com/flipped-aurora/gin-vue-admin/server/service/system.(*SysErrorService).CreateSysError
	C:/Users/18089/Desktop/MSTN/msrc-admin/server/service/system/sys_error.go:20
github.com/flipped-aurora/gin-vue-admin/server/core/internal.(*ZapCore).Write
	C:/Users/18089/Desktop/MSTN/msrc-admin/server/core/internal/zap_core.go:180
go.uber.org/zap/zapcore.(*CheckedEntry).Write
	C:/Users/18089/go/pkg/mod/go.uber.org/zap@v1.27.0/zapcore/entry.go:253
github.com/flipped-aurora/gin-vue-admin/server/utils/logger.(*Builder).log
	C:/Users/18089/Desktop/MSTN/msrc-admin/server/utils/logger/builder.go:75
github.com/flipped-aurora/gin-vue-admin/server/utils/logger.(*Builder).Error
	C:/Users/18089/Desktop/MSTN/msrc-admin/server/utils/logger/builder.go:81
github.com/flipped-aurora/gin-vue-admin/server/api/v1/system.(*SysErrorApi).CreateSysError
	C:/Users/18089/Desktop/MSTN/msrc-admin/server/api/v1/system/sys_error.go:34
github.com/gin-gonic/gin.(*Context).Next
	C:/Users/18089/go/pkg/mod/github.com/gin-gonic/gin@v1.10.0/context.go:185
github.com/flipped-aurora/gin-vue-admin/server/middleware.UploadResponseHeaders.func1
	C:/Users/18089/Desktop/MSTN/msrc-admin/server/middleware/upload_security.go:25
github.com/gin-gonic/gin.(*Context).Next
	C:/Users/18089/go/pkg/mod/github.com/gin-gonic/gin@v1.10.0/context.go:185
github.com/gin-gonic/gin.LoggerWithConfig.func1
	C:/Users/18089/go/pkg/mod/github.com/gin-gonic/gin@v1.10.0/logger.go:249
github.com/gin-gonic/gin.(*Context).Next
	C:/Users/18089/go/pkg/mod/github.com/gin-gonic/gin@v1.10.0/context.go:185
github.com/flipped-aurora/gin-vue-admin/server/initialize.Routers.AccessLog.func4
	C:/Users/18089/Desktop/MSTN/msrc-admin/server/middleware/access_log.go:73
github.com/gin-gonic/gin.(*Context).Next
	C:/Users/18089/go/pkg/mod/github.com/gin-gonic/gin@v1.10.0/context.go:185
github.com/flipped-aurora/gin-vue-admin/server/initialize.Routers.GinRecovery.func3
	C:/Users/18089/Desktop/MSTN/msrc-admin/server/middleware/error.go:56
github.com/gin-gonic/gin.(*Context).Next
	C:/Users/18089/go/pkg/mod/github.com/gin-gonic/gin@v1.10.0/context.go:185
github.com/flipped-aurora/gin-vue-admin/server/initialize.Routers.RequestMeta.func2
	C:/Users/18089/Desktop/MSTN/msrc-admin/server/middleware/request_meta.go:39
github.com/gin-gonic/gin.(*Context).Next
	C:/Users/18089/go/pkg/mod/github.com/gin-gonic/gin@v1.10.0/context.go:185
github.com/gin-gonic/gin.(*Engine).handleHTTPRequest
	C:/Users/18089/go/pkg/mod/github.com/gin-gonic/gin@v1.10.0/gin.go:633
github.com/gin-gonic/gin.(*Engine).ServeHTTP
	C:/Users/18089/go/pkg/mod/github.com/gin-gonic/gin@v1.10.0/gin.go:589
net/http.serverHandler.ServeHTTP
	C:/Program Files/Go/src/net/http/server.go:3340
net/http.(*conn).serve
	C:/Program Files/Go/src/net/http/server.go:2109
[github.com/flipped-aurora/gin-vue-admin/server]2026-08-21 14:58:38.530	[31merror[0m	C:/Users/18089/Desktop/MSTN/msrc-admin/server/middleware/error.go:52	[Recovery from panic]	{"node": "", "app_id": "", "env": "", "error": "runtime error: invalid memory address or nil pointer dereference", "request": "POST /menu/getMenu HTTP/1.1\r\nHost: 127.0.0.1:8888\r\nAccept: application/json, text/plain, */*\r\nAccept-Encoding: gzip, deflate, br, zstd\r\nAccept-Language: zh-CN,zh;q=0.9,en;q=0.8,en-GB;q=0.7,en-US;q=0.6\r\nConnection: close\r\nContent-Length: 0\r\nCookie: Goland-5bad9edd=daf38e5b-5069-49a6-aaf6-5cfd931c93a9; x-token=eyJhbGciOiJIUzI1NiIsInR5cCI6IkpXVCJ9.eyJVVUlEIjoiZDZiMzI3MzgtYzllOC00N2U3LTkwNWYtM2MyZGM3OTBiNWNhIiwiSUQiOjEsIlVzZXJuYW1lIjoiYWRtaW4iLCJOaWNrTmFtZSI6Ik1yLuWlh-a3vCIsIkF1dGhvcml0eUlkIjo4ODgsIlVzZXJUeXBlIjoiYWRtaW4iLCJCdWZmZXJUaW1lIjo4NjQwMCwibXVzdENoYW5nZVB3ZCI6ZmFsc2UsImlzcyI6InFtUGx1cyIsImF1ZCI6WyJHVkEiXSwiZXhwIjoxNzg3NjE2ODE0LCJuYmYiOjE3ODcwMTIwMTR9.-emq3MXaTijsDdZAstyBhjqa2BrdQj6Ql2htFfrqNKs\r\nOrigin: http://localhost:8080\r\nReferer: http://localhost:8080/\r\nSec-Ch-Ua: \"Not=A?Brand\";v=\"99\", \"Microsoft Edge\";v=\"151\", \"Chromium\";v=\"151\"\r\nSec-Ch-Ua-Mobile: ?0\r\nSec-Ch-Ua-Platform: \"Windows\"\r\nSec-Fetch-Dest: empty\r\nSec-Fetch-Mode: cors\r\nSec-Fetch-Site: same-origin\r\nUser-Agent: Mozilla/5.0 (Windows NT 10.0; Win64; x64) AppleWebKit/537.36 (KHTML, like Gecko) Chrome/151.0.0.0 Safari/537.36 Edg/151.0.0.0\r\nX-Token: eyJhbGciOiJIUzI1NiIsInR5cCI6IkpXVCJ9.eyJVVUlEIjoiZDZiMzI3MzgtYzllOC00N2U3LTkwNWYtM2MyZGM3OTBiNWNhIiwiSUQiOjEsIlVzZXJuYW1lIjoiYWRtaW4iLCJOaWNrTmFtZSI6Ik1yLuWlh-a3vCIsIkF1dGhvcml0eUlkIjo4ODgsIlVzZXJUeXBlIjoiYWRtaW4iLCJCdWZmZXJUaW1lIjo4NjQwMCwibXVzdENoYW5nZVB3ZCI6ZmFsc2UsImlzcyI6InFtUGx1cyIsImF1ZCI6WyJHVkEiXSwiZXhwIjoxNzg3NjE2ODE0LCJuYmYiOjE3ODcwMTIwMTR9.-emq3MXaTijsDdZAstyBhjqa2BrdQj6Ql2htFfrqNKs\r\n\r\n", "stack": "goroutine 43 [running]:\nruntime/debug.Stack()\n\tC:/Program Files/Go/src/runtime/debug/stack.go:26 +0x5e\ngithub.com/flipped-aurora/gin-vue-admin/server/initialize.Routers.GinRecovery.func3.1()\n\tC:/Users/18089/Desktop/MSTN/msrc-admin/server/middleware/error.go:50 +0x2dd\npanic({0x7ff628903200?, 0x7ff62b4c9f30?})\n\tC:/Program Files/Go/src/runtime/panic.go:783 +0x132\ngithub.com/casbin/casbin/v3.(*SyncedCachedEnforcer).Enforce(0xc00141a000?, {0xc0015065a0?, 0x0?, 0x0?})\n\tC:/Users/18089/go/pkg/mod/github.com/casbin/casbin/v3@v3.10.0/enforcer_cached_synced.go:61 +0x1a\ngithub.com/flipped-aurora/gin-vue-admin/server/initialize.Routers.CasbinHandler.func7(0xc001434000)\n\tC:/Users/18089/Desktop/MSTN/msrc-admin/server/middleware/casbin_rbac.go:24 +0x16f\ngithub.com/gin-gonic/gin.(*Context).Next(0xc001434000)\n\tC:/Users/18089/go/pkg/mod/github.com/gin-gonic/gin@v1.10.0/context.go:185 +0x2b\ngithub.com/flipped-aurora/gin-vue-admin/server/initialize.Routers.MustChangePwdGuard.func6(0xc001434000)\n\tC:/Users/18089/Desktop/MSTN/msrc-admin/server/middleware/must_change_pwd.go:29 +0x87\ngithub.com/gin-gonic/gin.(*Context).Next(0xc001434000)\n\tC:/Users/18089/go/pkg/mod/github.com/gin-gonic/gin@v1.10.0/context.go:185 +0x2b\ngithub.com/flipped-aurora/gin-vue-admin/server/initialize.Routers.JWTAuth.func5(0xc001434000)\n\tC:/Users/18089/Desktop/MSTN/msrc-admin/server/middleware/jwt.go:69 +0x378\ngithub.com/gin-gonic/gin.(*Context).Next(...)\n\tC:/Users/18089/go/pkg/mod/github.com/gin-gonic/gin@v1.10.0/context.go:185\ngithub.com/flipped-aurora/gin-vue-admin/server/middleware.UploadResponseHeaders.func1(0xc001434000)\n\tC:/Users/18089/Desktop/MSTN/msrc-admin/server/middleware/upload_security.go:25 +0x246\ngithub.com/gin-gonic/gin.(*Context).Next(...)\n\tC:/Users/18089/go/pkg/mod/github.com/gin-gonic/gin@v1.10.0/context.go:185\ngithub.com/gin-gonic/gin.LoggerWithConfig.func1(0xc001434000)\n\tC:/Users/18089/go/pkg/mod/github.com/gin-gonic/gin@v1.10.0/logger.go:249 +0xe5\ngithub.com/gin-gonic/gin.(*Context).Next(0xc001434000)\n\tC:/Users/18089/go/pkg/mod/github.com/gin-gonic/gin@v1.10.0/context.go:185 +0x2b\ngithub.com/flipped-aurora/gin-vue-admin/server/initialize.Routers.AccessLog.func4(0xc001434000)\n\tC:/Users/18089/Desktop/MSTN/msrc-admin/server/middleware/access_log.go:73 +0x213\ngithub.com/gin-gonic/gin.(*Context).Next(0xc001434000)\n\tC:/Users/18089/go/pkg/mod/github.com/gin-gonic/gin@v1.10.0/context.go:185 +0x2b\ngithub.com/flipped-aurora/gin-vue-admin/server/initialize.Routers.GinRecovery.func3(0xc001408120?)\n\tC:/Users/18089/Desktop/MSTN/msrc-admin/server/middleware/error.go:56 +0x47\ngithub.com/gin-gonic/gin.(*Context).Next(0xc001434000)\n\tC:/Users/18089/go/pkg/mod/github.com/gin-gonic/gin@v1.10.0/context.go:185 +0x2b\ngithub.com/flipped-aurora/gin-vue-admin/server/initialize.Routers.RequestMeta.func2(0xc001434000)\n\tC:/Users/18089/Desktop/MSTN/msrc-admin/server/middleware/request_meta.go:39 +0x312\ngithub.com/gin-gonic/gin.(*Context).Next(...)\n\tC:/Users/18089/go/pkg/mod/github.com/gin-gonic/gin@v1.10.0/context.go:185\ngithub.com/gin-gonic/gin.(*Engine).handleHTTPRequest(0xc000841d40, 0xc001434000)\n\tC:/Users/18089/go/pkg/mod/github.com/gin-gonic/gin@v1.10.0/gin.go:633 +0x94b\ngithub.com/gin-gonic/gin.(*Engine).ServeHTTP(0xc000841d40, {0x7ff62966d500, 0xc00142c000}, 0xc0001d6000)\n\tC:/Users/18089/go/pkg/mod/github.com/gin-gonic/gin@v1.10.0/gin.go:589 +0x1ad\nnet/http.serverHandler.ServeHTTP({0xc00086e000?}, {0x7ff62966d500?, 0xc00142c000?}, 0x6?)\n\tC:/Program Files/Go/src/net/http/server.go:3340 +0x8e\nnet/http.(*conn).serve(0xc000860120, {0x7ff629671c98, 0xc0014001e0})\n\tC:/Program Files/Go/src/net/http/server.go:2109 +0x665\ncreated by net/http.(*Server).Serve in goroutine 15\n\tC:/Program Files/Go/src/net/http/server.go:3493 +0x485\n", "mod": "http", "request_id": "53c8800f-d7ca-4dc7-8be7-73515b3d3f7f", "trace_id": "452769703049586190b72c2f48120e48", "device_id": "", "client_ip": "127.0.0.1", "http_method": "POST", "http_path": "/menu/getMenu", "span_id": "5df449f125ec1fb5"}
github.com/flipped-aurora/gin-vue-admin/server/initialize.Routers.GinRecovery.func3.1
	C:/Users/18089/Desktop/MSTN/msrc-admin/server/middleware/error.go:52
runtime.gopanic
	C:/Program Files/Go/src/runtime/panic.go:783
runtime.panicmem
	C:/Program Files/Go/src/runtime/panic.go:262
runtime.sigpanic
	C:/Program Files/Go/src/runtime/signal_windows.go:393
github.com/casbin/casbin/v3.(*SyncedCachedEnforcer).Enforce
	C:/Users/18089/go/pkg/mod/github.com/casbin/casbin/v3@v3.10.0/enforcer_cached_synced.go:61
github.com/flipped-aurora/gin-vue-admin/server/initialize.Routers.CasbinHandler.func7
	C:/Users/18089/Desktop/MSTN/msrc-admin/server/middleware/casbin_rbac.go:24
github.com/gin-gonic/gin.(*Context).Next
	C:/Users/18089/go/pkg/mod/github.com/gin-gonic/gin@v1.10.0/context.go:185
github.com/flipped-aurora/gin-vue-admin/server/initialize.Routers.MustChangePwdGuard.func6
	C:/Users/18089/Desktop/MSTN/msrc-admin/server/middleware/must_change_pwd.go:29
github.com/gin-gonic/gin.(*Context).Next
	C:/Users/18089/go/pkg/mod/github.com/gin-gonic/gin@v1.10.0/context.go:185
github.com/flipped-aurora/gin-vue-admin/server/initialize.Routers.JWTAuth.func5
	C:/Users/18089/Desktop/MSTN/msrc-admin/server/middleware/jwt.go:69
github.com/gin-gonic/gin.(*Context).Next
	C:/Users/18089/go/pkg/mod/github.com/gin-gonic/gin@v1.10.0/context.go:185
github.com/flipped-aurora/gin-vue-admin/server/middleware.UploadResponseHeaders.func1
	C:/Users/18089/Desktop/MSTN/msrc-admin/server/middleware/upload_security.go:25
github.com/gin-gonic/gin.(*Context).Next
	C:/Users/18089/go/pkg/mod/github.com/gin-gonic/gin@v1.10.0/context.go:185
github.com/gin-gonic/gin.LoggerWithConfig.func1
	C:/Users/18089/go/pkg/mod/github.com/gin-gonic/gin@v1.10.0/logger.go:249
github.com/gin-gonic/gin.(*Context).Next
	C:/Users/18089/go/pkg/mod/github.com/gin-gonic/gin@v1.10.0/context.go:185
github.com/flipped-aurora/gin-vue-admin/server/initialize.Routers.AccessLog.func4
	C:/Users/18089/Desktop/MSTN/msrc-admin/server/middleware/access_log.go:73
github.com/gin-gonic/gin.(*Context).Next
	C:/Users/18089/go/pkg/mod/github.com/gin-gonic/gin@v1.10.0/context.go:185
github.com/flipped-aurora/gin-vue-admin/server/initialize.Routers.GinRecovery.func3
	C:/Users/18089/Desktop/MSTN/msrc-admin/server/middleware/error.go:56
github.com/gin-gonic/gin.(*Context).Next
	C:/Users/18089/go/pkg/mod/github.com/gin-gonic/gin@v1.10.0/context.go:185
github.com/flipped-aurora/gin-vue-admin/server/initialize.Routers.RequestMeta.func2
	C:/Users/18089/Desktop/MSTN/msrc-admin/server/middleware/request_meta.go:39
github.com/gin-gonic/gin.(*Context).Next
	C:/Users/18089/go/pkg/mod/github.com/gin-gonic/gin@v1.10.0/context.go:185
github.com/gin-gonic/gin.(*Engine).handleHTTPRequest
	C:/Users/18089/go/pkg/mod/github.com/gin-gonic/gin@v1.10.0/gin.go:633
github.com/gin-gonic/gin.(*Engine).ServeHTTP
	C:/Users/18089/go/pkg/mod/github.com/gin-gonic/gin@v1.10.0/gin.go:589
net/http.serverHandler.ServeHTTP
	C:/Program Files/Go/src/net/http/server.go:3340
net/http.(*conn).serve
	C:/Program Files/Go/src/net/http/server.go:2109
[github.com/flipped-aurora/gin-vue-admin/server]2026-08-21 14:58:38.530	[31merror[0m	C:/Users/18089/Desktop/MSTN/msrc-admin/server/middleware/error.go:52	[Recovery from panic]	{"node": "", "app_id": "", "env": "", "error": "runtime error: invalid memory address or nil pointer dereference", "request": "GET /user/getUserInfo HTTP/1.1\r\nHost: 127.0.0.1:8888\r\nAccept: application/json, text/plain, */*\r\nAccept-Encoding: gzip, deflate, br, zstd\r\nAccept-Language: zh-CN,zh;q=0.9,en;q=0.8,en-GB;q=0.7,en-US;q=0.6\r\nConnection: close\r\nCookie: Goland-5bad9edd=daf38e5b-5069-49a6-aaf6-5cfd931c93a9; x-token=eyJhbGciOiJIUzI1NiIsInR5cCI6IkpXVCJ9.eyJVVUlEIjoiZDZiMzI3MzgtYzllOC00N2U3LTkwNWYtM2MyZGM3OTBiNWNhIiwiSUQiOjEsIlVzZXJuYW1lIjoiYWRtaW4iLCJOaWNrTmFtZSI6Ik1yLuWlh-a3vCIsIkF1dGhvcml0eUlkIjo4ODgsIlVzZXJUeXBlIjoiYWRtaW4iLCJCdWZmZXJUaW1lIjo4NjQwMCwibXVzdENoYW5nZVB3ZCI6ZmFsc2UsImlzcyI6InFtUGx1cyIsImF1ZCI6WyJHVkEiXSwiZXhwIjoxNzg3NjE2ODE0LCJuYmYiOjE3ODcwMTIwMTR9.-emq3MXaTijsDdZAstyBhjqa2BrdQj6Ql2htFfrqNKs\r\nReferer: http://localhost:8080/\r\nSec-Ch-Ua: \"Not=A?Brand\";v=\"99\", \"Microsoft Edge\";v=\"151\", \"Chromium\";v=\"151\"\r\nSec-Ch-Ua-Mobile: ?0\r\nSec-Ch-Ua-Platform: \"Windows\"\r\nSec-Fetch-Dest: empty\r\nSec-Fetch-Mode: cors\r\nSec-Fetch-Site: same-origin\r\nUser-Agent: Mozilla/5.0 (Windows NT 10.0; Win64; x64) AppleWebKit/537.36 (KHTML, like Gecko) Chrome/151.0.0.0 Safari/537.36 Edg/151.0.0.0\r\nX-Token: eyJhbGciOiJIUzI1NiIsInR5cCI6IkpXVCJ9.eyJVVUlEIjoiZDZiMzI3MzgtYzllOC00N2U3LTkwNWYtM2MyZGM3OTBiNWNhIiwiSUQiOjEsIlVzZXJuYW1lIjoiYWRtaW4iLCJOaWNrTmFtZSI6Ik1yLuWlh-a3vCIsIkF1dGhvcml0eUlkIjo4ODgsIlVzZXJUeXBlIjoiYWRtaW4iLCJCdWZmZXJUaW1lIjo4NjQwMCwibXVzdENoYW5nZVB3ZCI6ZmFsc2UsImlzcyI6InFtUGx1cyIsImF1ZCI6WyJHVkEiXSwiZXhwIjoxNzg3NjE2ODE0LCJuYmYiOjE3ODcwMTIwMTR9.-emq3MXaTijsDdZAstyBhjqa2BrdQj6Ql2htFfrqNKs\r\n\r\n", "stack": "goroutine 44 [running]:\nruntime/debug.Stack()\n\tC:/Program Files/Go/src/runtime/debug/stack.go:26 +0x5e\ngithub.com/flipped-aurora/gin-vue-admin/server/initialize.Routers.GinRecovery.func3.1()\n\tC:/Users/18089/Desktop/MSTN/msrc-admin/server/middleware/error.go:50 +0x2dd\npanic({0x7ff628903200?, 0x7ff62b4c9f30?})\n\tC:/Program Files/Go/src/runtime/panic.go:783 +0x132\ngorm.io/gorm.(*DB).getInstance(0xc0014380c0?)\n\tC:/Users/18089/go/pkg/mod/gorm.io/gorm@v1.31.1/gorm.go:435 +0x12\ngorm.io/gorm.(*DB).Scopes(...)\n\tC:/Users/18089/go/pkg/mod/gorm.io/gorm@v1.31.1/chainable_api.go:377\ngithub.com/casbin/gorm-adapter/v3.NewAdapterByDBUseTableName(0x0, {0x0, 0x0}, {0x7ff628c29c30, 0xb})\n\tC:/Users/18089/go/pkg/mod/github.com/casbin/gorm-adapter/v3@v3.41.0/adapter.go:214 +0x13c\ngithub.com/casbin/gorm-adapter/v3.NewAdapterByDB(...)\n\tC:/Users/18089/go/pkg/mod/github.com/casbin/gorm-adapter/v3@v3.41.0/adapter.go:281\ngithub.com/flipped-aurora/gin-vue-admin/server/utils.GetCasbin.func1()\n\tC:/Users/18089/Desktop/MSTN/msrc-admin/server/utils/casbin_util.go:21 +0x39\nsync.(*Once).doSlow(0x24?, 0x30?)\n\tC:/Program Files/Go/src/sync/once.go:78 +0xac\nsync.(*Once).Do(...)\n\tC:/Program Files/Go/src/sync/once.go:69\ngithub.com/flipped-aurora/gin-vue-admin/server/utils.GetCasbin()\n\tC:/Users/18089/Desktop/MSTN/msrc-admin/server/utils/casbin_util.go:20 +0x2c\ngithub.com/flipped-aurora/gin-vue-admin/server/initialize.Routers.CasbinHandler.func7(0xc001496000)\n\tC:/Users/18089/Desktop/MSTN/msrc-admin/server/middleware/casbin_rbac.go:23 +0x94\ngithub.com/gin-gonic/gin.(*Context).Next(0xc001496000)\n\tC:/Users/18089/go/pkg/mod/github.com/gin-gonic/gin@v1.10.0/context.go:185 +0x2b\ngithub.com/flipped-aurora/gin-vue-admin/server/initialize.Routers.MustChangePwdGuard.func6(0xc001496000)\n\tC:/Users/18089/Desktop/MSTN/msrc-admin/server/middleware/must_change_pwd.go:29 +0x87\ngithub.com/gin-gonic/gin.(*Context).Next(0xc001496000)\n\tC:/Users/18089/go/pkg/mod/github.com/gin-gonic/gin@v1.10.0/context.go:185 +0x2b\ngithub.com/flipped-aurora/gin-vue-admin/server/initialize.Routers.JWTAuth.func5(0xc001496000)\n\tC:/Users/18089/Desktop/MSTN/msrc-admin/server/middleware/jwt.go:69 +0x378\ngithub.com/gin-gonic/gin.(*Context).Next(...)\n\tC:/Users/18089/go/pkg/mod/github.com/gin-gonic/gin@v1.10.0/context.go:185\ngithub.com/flipped-aurora/gin-vue-admin/server/middleware.UploadResponseHeaders.func1(0xc001496000)\n\tC:/Users/18089/Desktop/MSTN/msrc-admin/server/middleware/upload_security.go:25 +0x246\ngithub.com/gin-gonic/gin.(*Context).Next(...)\n\tC:/Users/18089/go/pkg/mod/github.com/gin-gonic/gin@v1.10.0/context.go:185\ngithub.com/gin-gonic/gin.LoggerWithConfig.func1(0xc001496000)\n\tC:/Users/18089/go/pkg/mod/github.com/gin-gonic/gin@v1.10.0/logger.go:249 +0xe5\ngithub.com/gin-gonic/gin.(*Context).Next(0xc001496000)\n\tC:/Users/18089/go/pkg/mod/github.com/gin-gonic/gin@v1.10.0/context.go:185 +0x2b\ngithub.com/flipped-aurora/gin-vue-admin/server/initialize.Routers.AccessLog.func4(0xc001496000)\n\tC:/Users/18089/Desktop/MSTN/msrc-admin/server/middleware/access_log.go:73 +0x213\ngithub.com/gin-gonic/gin.(*Context).Next(0xc001496000)\n\tC:/Users/18089/go/pkg/mod/github.com/gin-gonic/gin@v1.10.0/context.go:185 +0x2b\ngithub.com/flipped-aurora/gin-vue-admin/server/initialize.Routers.GinRecovery.func3(0xc0009b0130?)\n\tC:/Users/18089/Desktop/MSTN/msrc-admin/server/middleware/error.go:56 +0x47\ngithub.com/gin-gonic/gin.(*Context).Next(0xc001496000)\n\tC:/Users/18089/go/pkg/mod/github.com/gin-gonic/gin@v1.10.0/context.go:185 +0x2b\ngithub.com/flipped-aurora/gin-vue-admin/server/initialize.Routers.RequestMeta.func2(0xc001496000)\n\tC:/Users/18089/Desktop/MSTN/msrc-admin/server/middleware/request_meta.go:39 +0x312\ngithub.com/gin-gonic/gin.(*Context).Next(...)\n\tC:/Users/18089/go/pkg/mod/github.com/gin-gonic/gin@v1.10.0/context.go:185\ngithub.com/gin-gonic/gin.(*Engine).handleHTTPRequest(0xc000841d40, 0xc001496000)\n\tC:/Users/18089/go/pkg/mod/github.com/gin-gonic/gin@v1.10.0/gin.go:633 +0x94b\ngithub.com/gin-gonic/gin.(*Engine).ServeHTTP(0xc000841d40, {0x7ff62966d500, 0xc0008780f0}, 0xc0001e0000)\n\tC:/Users/18089/go/pkg/mod/github.com/gin-gonic/gin@v1.10.0/gin.go:589 +0x1ad\nnet/http.serverHandler.ServeHTTP({0xc00140a040?}, {0x7ff62966d500?, 0xc0008780f0?}, 0x6?)\n\tC:/Program Files/Go/src/net/http/server.go:3340 +0x8e\nnet/http.(*conn).serve(0xc000860240, {0x7ff629671c98, 0xc0014001e0})\n\tC:/Program Files/Go/src/net/http/server.go:2109 +0x665\ncreated by net/http.(*Server).Serve in goroutine 15\n\tC:/Program Files/Go/src/net/http/server.go:3493 +0x485\n", "mod": "http", "request_id": "8ae57316-734e-45c0-ab74-a0606bf39f9e", "trace_id": "7c7a0e297105ddc49f4cf6b9c320a3a6", "device_id": "", "client_ip": "127.0.0.1", "http_method": "GET", "http_path": "/user/getUserInfo", "span_id": "45bab2eb93d42818"}
github.com/flipped-aurora/gin-vue-admin/server/initialize.Routers.GinRecovery.func3.1
	C:/Users/18089/Desktop/MSTN/msrc-admin/server/middleware/error.go:52
runtime.gopanic
	C:/Program Files/Go/src/runtime/panic.go:783
runtime.panicmem
	C:/Program Files/Go/src/runtime/panic.go:262
runtime.sigpanic
	C:/Program Files/Go/src/runtime/signal_windows.go:393
gorm.io/gorm.(*DB).getInstance
	C:/Users/18089/go/pkg/mod/gorm.io/gorm@v1.31.1/gorm.go:435
gorm.io/gorm.(*DB).Scopes
	C:/Users/18089/go/pkg/mod/gorm.io/gorm@v1.31.1/chainable_api.go:377
github.com/casbin/gorm-adapter/v3.NewAdapterByDBUseTableName
	C:/Users/18089/go/pkg/mod/github.com/casbin/gorm-adapter/v3@v3.41.0/adapter.go:214
github.com/casbin/gorm-adapter/v3.NewAdapterByDB
	C:/Users/18089/go/pkg/mod/github.com/casbin/gorm-adapter/v3@v3.41.0/adapter.go:281
github.com/flipped-aurora/gin-vue-admin/server/utils.GetCasbin.func1
	C:/Users/18089/Desktop/MSTN/msrc-admin/server/utils/casbin_util.go:21
sync.(*Once).doSlow
	C:/Program Files/Go/src/sync/once.go:78
sync.(*Once).Do
	C:/Program Files/Go/src/sync/once.go:69
github.com/flipped-aurora/gin-vue-admin/server/utils.GetCasbin
	C:/Users/18089/Desktop/MSTN/msrc-admin/server/utils/casbin_util.go:20
github.com/flipped-aurora/gin-vue-admin/server/initialize.Routers.CasbinHandler.func7
	C:/Users/18089/Desktop/MSTN/msrc-admin/server/middleware/casbin_rbac.go:23
github.com/gin-gonic/gin.(*Context).Next
	C:/Users/18089/go/pkg/mod/github.com/gin-gonic/gin@v1.10.0/context.go:185
github.com/flipped-aurora/gin-vue-admin/server/initialize.Routers.MustChangePwdGuard.func6
	C:/Users/18089/Desktop/MSTN/msrc-admin/server/middleware/must_change_pwd.go:29
github.com/gin-gonic/gin.(*Context).Next
	C:/Users/18089/go/pkg/mod/github.com/gin-gonic/gin@v1.10.0/context.go:185
github.com/flipped-aurora/gin-vue-admin/server/initialize.Routers.JWTAuth.func5
	C:/Users/18089/Desktop/MSTN/msrc-admin/server/middleware/jwt.go:69
github.com/gin-gonic/gin.(*Context).Next
	C:/Users/18089/go/pkg/mod/github.com/gin-gonic/gin@v1.10.0/context.go:185
github.com/flipped-aurora/gin-vue-admin/server/middleware.UploadResponseHeaders.func1
	C:/Users/18089/Desktop/MSTN/msrc-admin/server/middleware/upload_security.go:25
github.com/gin-gonic/gin.(*Context).Next
	C:/Users/18089/go/pkg/mod/github.com/gin-gonic/gin@v1.10.0/context.go:185
github.com/gin-gonic/gin.LoggerWithConfig.func1
	C:/Users/18089/go/pkg/mod/github.com/gin-gonic/gin@v1.10.0/logger.go:249
github.com/gin-gonic/gin.(*Context).Next
	C:/Users/18089/go/pkg/mod/github.com/gin-gonic/gin@v1.10.0/context.go:185
github.com/flipped-aurora/gin-vue-admin/server/initialize.Routers.AccessLog.func4
	C:/Users/18089/Desktop/MSTN/msrc-admin/server/middleware/access_log.go:73
github.com/gin-gonic/gin.(*Context).Next
	C:/Users/18089/go/pkg/mod/github.com/gin-gonic/gin@v1.10.0/context.go:185
github.com/flipped-aurora/gin-vue-admin/server/initialize.Routers.GinRecovery.func3
	C:/Users/18089/Desktop/MSTN/msrc-admin/server/middleware/error.go:56
github.com/gin-gonic/gin.(*Context).Next
	C:/Users/18089/go/pkg/mod/github.com/gin-gonic/gin@v1.10.0/context.go:185
github.com/flipped-aurora/gin-vue-admin/server/initialize.Routers.RequestMeta.func2
	C:/Users/18089/Desktop/MSTN/msrc-admin/server/middleware/request_meta.go:39
github.com/gin-gonic/gin.(*Context).Next
	C:/Users/18089/go/pkg/mod/github.com/gin-gonic/gin@v1.10.0/context.go:185
github.com/gin-gonic/gin.(*Engine).handleHTTPRequest
	C:/Users/18089/go/pkg/mod/github.com/gin-gonic/gin@v1.10.0/gin.go:633
github.com/gin-gonic/gin.(*Engine).ServeHTTP
	C:/Users/18089/go/pkg/mod/github.com/gin-gonic/gin@v1.10.0/gin.go:589
net/http.serverHandler.ServeHTTP
	C:/Program Files/Go/src/net/http/server.go:3340
net/http.(*conn).serve
	C:/Program Files/Go/src/net/http/server.go:2109
[github.com/flipped-aurora/gin-vue-admin/server]2026-08-21 14:59:10.230	[31merror[0m	C:/Users/18089/Desktop/MSTN/msrc-admin/server/middleware/error.go:52	[Recovery from panic]	{"node": "", "app_id": "", "env": "", "error": "runtime error: invalid memory address or nil pointer dereference", "request": "POST /menu/getMenu HTTP/1.1\r\nHost: 127.0.0.1:8888\r\nAccept: application/json, text/plain, */*\r\nAccept-Encoding: gzip, deflate, br, zstd\r\nAccept-Language: zh-CN,zh;q=0.9,en;q=0.8,en-GB;q=0.7,en-US;q=0.6\r\nConnection: close\r\nContent-Length: 0\r\nCookie: Goland-5bad9edd=daf38e5b-5069-49a6-aaf6-5cfd931c93a9; x-token=eyJhbGciOiJIUzI1NiIsInR5cCI6IkpXVCJ9.eyJVVUlEIjoiMDNkYjQ2YjAtY2QwMi00MjgyLTkxMDEtNDcwOWY2MmIxNTc4IiwiSUQiOjEsIlVzZXJuYW1lIjoiYWRtaW4iLCJOaWNrTmFtZSI6Ik1yLuWlh-a3vCIsIkF1dGhvcml0eUlkIjo4ODgsIlVzZXJUeXBlIjoiYWRtaW4iLCJCdWZmZXJUaW1lIjo4NjQwMCwibXVzdENoYW5nZVB3ZCI6ZmFsc2UsImlzcyI6InFtUGx1cyIsImF1ZCI6WyJHVkEiXSwiZXhwIjoxNzg3OTAwMzUwLCJuYmYiOjE3ODcyOTU1NTB9.3036wqpEXHC2jAU3WZ3IQPWc3UAC6mPMbDcq31E1QVg\r\nOrigin: http://localhost:8080\r\nReferer: http://localhost:8080/\r\nSec-Ch-Ua: \"Not=A?Brand\";v=\"99\", \"Microsoft Edge\";v=\"151\", \"Chromium\";v=\"151\"\r\nSec-Ch-Ua-Mobile: ?0\r\nSec-Ch-Ua-Platform: \"Windows\"\r\nSec-Fetch-Dest: empty\r\nSec-Fetch-Mode: cors\r\nSec-Fetch-Site: same-origin\r\nUser-Agent: Mozilla/5.0 (Windows NT 10.0; Win64; x64) AppleWebKit/537.36 (KHTML, like Gecko) Chrome/151.0.0.0 Safari/537.36 Edg/151.0.0.0\r\nX-Token: eyJhbGciOiJIUzI1NiIsInR5cCI6IkpXVCJ9.eyJVVUlEIjoiMDNkYjQ2YjAtY2QwMi00MjgyLTkxMDEtNDcwOWY2MmIxNTc4IiwiSUQiOjEsIlVzZXJuYW1lIjoiYWRtaW4iLCJOaWNrTmFtZSI6Ik1yLuWlh-a3vCIsIkF1dGhvcml0eUlkIjo4ODgsIlVzZXJUeXBlIjoiYWRtaW4iLCJCdWZmZXJUaW1lIjo4NjQwMCwibXVzdENoYW5nZVB3ZCI6ZmFsc2UsImlzcyI6InFtUGx1cyIsImF1ZCI6WyJHVkEiXSwiZXhwIjoxNzg3OTAwMzUwLCJuYmYiOjE3ODcyOTU1NTB9.3036wqpEXHC2jAU3WZ3IQPWc3UAC6mPMbDcq31E1QVg\r\nX-User-Id: 1\r\n\r\n", "stack": "goroutine 232 [running]:\nruntime/debug.Stack()\n\tC:/Program Files/Go/src/runtime/debug/stack.go:26 +0x5e\ngithub.com/flipped-aurora/gin-vue-admin/server/initialize.Routers.GinRecovery.func3.1()\n\tC:/Users/18089/Desktop/MSTN/msrc-admin/server/middleware/error.go:50 +0x2dd\npanic({0x7ff628903200?, 0x7ff62b4c9f30?})\n\tC:/Program Files/Go/src/runtime/panic.go:783 +0x132\ngithub.com/casbin/casbin/v3.(*SyncedCachedEnforcer).Enforce(0xc0020751c0?, {0xc002088e10?, 0x0?, 0x0?})\n\tC:/Users/18089/go/pkg/mod/github.com/casbin/casbin/v3@v3.10.0/enforcer_cached_synced.go:61 +0x1a\ngithub.com/flipped-aurora/gin-vue-admin/server/initialize.Routers.CasbinHandler.func7(0xc001496000)\n\tC:/Users/18089/Desktop/MSTN/msrc-admin/server/middleware/casbin_rbac.go:24 +0x16f\ngithub.com/gin-gonic/gin.(*Context).Next(0xc001496000)\n\tC:/Users/18089/go/pkg/mod/github.com/gin-gonic/gin@v1.10.0/context.go:185 +0x2b\ngithub.com/flipped-aurora/gin-vue-admin/server/initialize.Routers.MustChangePwdGuard.func6(0xc001496000)\n\tC:/Users/18089/Desktop/MSTN/msrc-admin/server/middleware/must_change_pwd.go:29 +0x87\ngithub.com/gin-gonic/gin.(*Context).Next(0xc001496000)\n\tC:/Users/18089/go/pkg/mod/github.com/gin-gonic/gin@v1.10.0/context.go:185 +0x2b\ngithub.com/flipped-aurora/gin-vue-admin/server/initialize.Routers.JWTAuth.func5(0xc001496000)\n\tC:/Users/18089/Desktop/MSTN/msrc-admin/server/middleware/jwt.go:69 +0x378\ngithub.com/gin-gonic/gin.(*Context).Next(...)\n\tC:/Users/18089/go/pkg/mod/github.com/gin-gonic/gin@v1.10.0/context.go:185\ngithub.com/flipped-aurora/gin-vue-admin/server/middleware.UploadResponseHeaders.func1(0xc001496000)\n\tC:/Users/18089/Desktop/MSTN/msrc-admin/server/middleware/upload_security.go:25 +0x246\ngithub.com/gin-gonic/gin.(*Context).Next(...)\n\tC:/Users/18089/go/pkg/mod/github.com/gin-gonic/gin@v1.10.0/context.go:185\ngithub.com/gin-gonic/gin.LoggerWithConfig.func1(0xc001496000)\n\tC:/Users/18089/go/pkg/mod/github.com/gin-gonic/gin@v1.10.0/logger.go:249 +0xe5\ngithub.com/gin-gonic/gin.(*Context).Next(0xc001496000)\n\tC:/Users/18089/go/pkg/mod/github.com/gin-gonic/gin@v1.10.0/context.go:185 +0x2b\ngithub.com/flipped-aurora/gin-vue-admin/server/initialize.Routers.AccessLog.func4(0xc001496000)\n\tC:/Users/18089/Desktop/MSTN/msrc-admin/server/middleware/access_log.go:73 +0x213\ngithub.com/gin-gonic/gin.(*Context).Next(0xc001496000)\n\tC:/Users/18089/go/pkg/mod/github.com/gin-gonic/gin@v1.10.0/context.go:185 +0x2b\ngithub.com/flipped-aurora/gin-vue-admin/server/initialize.Routers.GinRecovery.func3(0xc0020850e0?)\n\tC:/Users/18089/Desktop/MSTN/msrc-admin/server/middleware/error.go:56 +0x47\ngithub.com/gin-gonic/gin.(*Context).Next(0xc001496000)\n\tC:/Users/18089/go/pkg/mod/github.com/gin-gonic/gin@v1.10.0/context.go:185 +0x2b\ngithub.com/flipped-aurora/gin-vue-admin/server/initialize.Routers.RequestMeta.func2(0xc001496000)\n\tC:/Users/18089/Desktop/MSTN/msrc-admin/server/middleware/request_meta.go:39 +0x312\ngithub.com/gin-gonic/gin.(*Context).Next(...)\n\tC:/Users/18089/go/pkg/mod/github.com/gin-gonic/gin@v1.10.0/context.go:185\ngithub.com/gin-gonic/gin.(*Engine).handleHTTPRequest(0xc000841d40, 0xc001496000)\n\tC:/Users/18089/go/pkg/mod/github.com/gin-gonic/gin@v1.10.0/gin.go:633 +0x94b\ngithub.com/gin-gonic/gin.(*Engine).ServeHTTP(0xc000841d40, {0x7ff62966d500, 0xc002068960}, 0xc0020448c0)\n\tC:/Users/18089/go/pkg/mod/github.com/gin-gonic/gin@v1.10.0/gin.go:589 +0x1ad\nnet/http.serverHandler.ServeHTTP({0xc00203f400?}, {0x7ff62966d500?, 0xc002068960?}, 0x6?)\n\tC:/Program Files/Go/src/net/http/server.go:3340 +0x8e\nnet/http.(*conn).serve(0xc001e666c0, {0x7ff629671c98, 0xc0014001e0})\n\tC:/Program Files/Go/src/net/http/server.go:2109 +0x665\ncreated by net/http.(*Server).Serve in goroutine 15\n\tC:/Program Files/Go/src/net/http/server.go:3493 +0x485\n", "mod": "http", "request_id": "24d826f3-6ba1-4d5a-8c39-b09d413d14ba", "trace_id": "d8aa2604ac232c46f53ecb97268edefa", "device_id": "", "client_ip": "127.0.0.1", "http_method": "POST", "http_path": "/menu/getMenu", "span_id": "3d7d0fb68b2f3aee"}
github.com/flipped-aurora/gin-vue-admin/server/initialize.Routers.GinRecovery.func3.1
	C:/Users/18089/Desktop/MSTN/msrc-admin/server/middleware/error.go:52
runtime.gopanic
	C:/Program Files/Go/src/runtime/panic.go:783
runtime.panicmem
	C:/Program Files/Go/src/runtime/panic.go:262
runtime.sigpanic
	C:/Program Files/Go/src/runtime/signal_windows.go:393
github.com/casbin/casbin/v3.(*SyncedCachedEnforcer).Enforce
	C:/Users/18089/go/pkg/mod/github.com/casbin/casbin/v3@v3.10.0/enforcer_cached_synced.go:61
github.com/flipped-aurora/gin-vue-admin/server/initialize.Routers.CasbinHandler.func7
	C:/Users/18089/Desktop/MSTN/msrc-admin/server/middleware/casbin_rbac.go:24
github.com/gin-gonic/gin.(*Context).Next
	C:/Users/18089/go/pkg/mod/github.com/gin-gonic/gin@v1.10.0/context.go:185
github.com/flipped-aurora/gin-vue-admin/server/initialize.Routers.MustChangePwdGuard.func6
	C:/Users/18089/Desktop/MSTN/msrc-admin/server/middleware/must_change_pwd.go:29
github.com/gin-gonic/gin.(*Context).Next
	C:/Users/18089/go/pkg/mod/github.com/gin-gonic/gin@v1.10.0/context.go:185
github.com/flipped-aurora/gin-vue-admin/server/initialize.Routers.JWTAuth.func5
	C:/Users/18089/Desktop/MSTN/msrc-admin/server/middleware/jwt.go:69
github.com/gin-gonic/gin.(*Context).Next
	C:/Users/18089/go/pkg/mod/github.com/gin-gonic/gin@v1.10.0/context.go:185
github.com/flipped-aurora/gin-vue-admin/server/middleware.UploadResponseHeaders.func1
	C:/Users/18089/Desktop/MSTN/msrc-admin/server/middleware/upload_security.go:25
github.com/gin-gonic/gin.(*Context).Next
	C:/Users/18089/go/pkg/mod/github.com/gin-gonic/gin@v1.10.0/context.go:185
github.com/gin-gonic/gin.LoggerWithConfig.func1
	C:/Users/18089/go/pkg/mod/github.com/gin-gonic/gin@v1.10.0/logger.go:249
github.com/gin-gonic/gin.(*Context).Next
	C:/Users/18089/go/pkg/mod/github.com/gin-gonic/gin@v1.10.0/context.go:185
github.com/flipped-aurora/gin-vue-admin/server/initialize.Routers.AccessLog.func4
	C:/Users/18089/Desktop/MSTN/msrc-admin/server/middleware/access_log.go:73
github.com/gin-gonic/gin.(*Context).Next
	C:/Users/18089/go/pkg/mod/github.com/gin-gonic/gin@v1.10.0/context.go:185
github.com/flipped-aurora/gin-vue-admin/server/initialize.Routers.GinRecovery.func3
	C:/Users/18089/Desktop/MSTN/msrc-admin/server/middleware/error.go:56
github.com/gin-gonic/gin.(*Context).Next
	C:/Users/18089/go/pkg/mod/github.com/gin-gonic/gin@v1.10.0/context.go:185
github.com/flipped-aurora/gin-vue-admin/server/initialize.Routers.RequestMeta.func2
	C:/Users/18089/Desktop/MSTN/msrc-admin/server/middleware/request_meta.go:39
github.com/gin-gonic/gin.(*Context).Next
	C:/Users/18089/go/pkg/mod/github.com/gin-gonic/gin@v1.10.0/context.go:185
github.com/gin-gonic/gin.(*Engine).handleHTTPRequest
	C:/Users/18089/go/pkg/mod/github.com/gin-gonic/gin@v1.10.0/gin.go:633
github.com/gin-gonic/gin.(*Engine).ServeHTTP
	C:/Users/18089/go/pkg/mod/github.com/gin-gonic/gin@v1.10.0/gin.go:589
net/http.serverHandler.ServeHTTP
	C:/Program Files/Go/src/net/http/server.go:3340
net/http.(*conn).serve
	C:/Program Files/Go/src/net/http/server.go:2109
[github.com/flipped-aurora/gin-vue-admin/server]2026-08-21 15:03:13.948	[31merror[0m	C:/Users/18089/Desktop/MSTN/msrc-admin/server/middleware/error.go:52	[Recovery from panic]	{"node": "", "app_id": "", "env": "", "error": "runtime error: invalid memory address or nil pointer dereference", "request": "POST /menu/getMenu HTTP/1.1\r\nHost: 127.0.0.1:8888\r\nAccept: application/json, text/plain, */*\r\nAccept-Encoding: gzip, deflate, br, zstd\r\nAccept-Language: zh-CN,zh;q=0.9,en;q=0.8,en-GB;q=0.7,en-US;q=0.6\r\nConnection: close\r\nContent-Length: 0\r\nCookie: Goland-5bad9edd=daf38e5b-5069-49a6-aaf6-5cfd931c93a9; x-token=eyJhbGciOiJIUzI1NiIsInR5cCI6IkpXVCJ9.eyJVVUlEIjoiMDNkYjQ2YjAtY2QwMi00MjgyLTkxMDEtNDcwOWY2MmIxNTc4IiwiSUQiOjEsIlVzZXJuYW1lIjoiYWRtaW4iLCJOaWNrTmFtZSI6Ik1yLuWlh-a3vCIsIkF1dGhvcml0eUlkIjo4ODgsIlVzZXJUeXBlIjoiYWRtaW4iLCJCdWZmZXJUaW1lIjo4NjQwMCwibXVzdENoYW5nZVB3ZCI6ZmFsc2UsImlzcyI6InFtUGx1cyIsImF1ZCI6WyJHVkEiXSwiZXhwIjoxNzg3OTAwNTkzLCJuYmYiOjE3ODcyOTU3OTN9.kFo-nxWvpLGtqyKFDFonBuycV2-YZ4jOdv7w3TEBVBc\r\nOrigin: http://localhost:8080\r\nReferer: http://localhost:8080/\r\nSec-Ch-Ua: \"Not=A?Brand\";v=\"99\", \"Microsoft Edge\";v=\"151\", \"Chromium\";v=\"151\"\r\nSec-Ch-Ua-Mobile: ?0\r\nSec-Ch-Ua-Platform: \"Windows\"\r\nSec-Fetch-Dest: empty\r\nSec-Fetch-Mode: cors\r\nSec-Fetch-Site: same-origin\r\nUser-Agent: Mozilla/5.0 (Windows NT 10.0; Win64; x64) AppleWebKit/537.36 (KHTML, like Gecko) Chrome/151.0.0.0 Safari/537.36 Edg/151.0.0.0\r\nX-Token: eyJhbGciOiJIUzI1NiIsInR5cCI6IkpXVCJ9.eyJVVUlEIjoiMDNkYjQ2YjAtY2QwMi00MjgyLTkxMDEtNDcwOWY2MmIxNTc4IiwiSUQiOjEsIlVzZXJuYW1lIjoiYWRtaW4iLCJOaWNrTmFtZSI6Ik1yLuWlh-a3vCIsIkF1dGhvcml0eUlkIjo4ODgsIlVzZXJUeXBlIjoiYWRtaW4iLCJCdWZmZXJUaW1lIjo4NjQwMCwibXVzdENoYW5nZVB3ZCI6ZmFsc2UsImlzcyI6InFtUGx1cyIsImF1ZCI6WyJHVkEiXSwiZXhwIjoxNzg3OTAwNTkzLCJuYmYiOjE3ODcyOTU3OTN9.kFo-nxWvpLGtqyKFDFonBuycV2-YZ4jOdv7w3TEBVBc\r\nX-User-Id: 1\r\n\r\n", "stack": "goroutine 126 [running]:\nruntime/debug.Stack()\n\tC:/Program Files/Go/src/runtime/debug/stack.go:26 +0x5e\ngithub.com/flipped-aurora/gin-vue-admin/server/initialize.Routers.GinRecovery.func3.1()\n\tC:/Users/18089/Desktop/MSTN/msrc-admin/server/middleware/error.go:50 +0x2dd\npanic({0x7ff628903200?, 0x7ff62b4c9f30?})\n\tC:/Program Files/Go/src/runtime/panic.go:783 +0x132\ngithub.com/casbin/casbin/v3.(*SyncedCachedEnforcer).Enforce(0xc001b54120?, {0xc001cc8e40?, 0x0?, 0x0?})\n\tC:/Users/18089/go/pkg/mod/github.com/casbin/casbin/v3@v3.10.0/enforcer_cached_synced.go:61 +0x1a\ngithub.com/flipped-aurora/gin-vue-admin/server/initialize.Routers.CasbinHandler.func7(0xc001434000)\n\tC:/Users/18089/Desktop/MSTN/msrc-admin/server/middleware/casbin_rbac.go:24 +0x16f\ngithub.com/gin-gonic/gin.(*Context).Next(0xc001434000)\n\tC:/Users/18089/go/pkg/mod/github.com/gin-gonic/gin@v1.10.0/context.go:185 +0x2b\ngithub.com/flipped-aurora/gin-vue-admin/server/initialize.Routers.MustChangePwdGuard.func6(0xc001434000)\n\tC:/Users/18089/Desktop/MSTN/msrc-admin/server/middleware/must_change_pwd.go:29 +0x87\ngithub.com/gin-gonic/gin.(*Context).Next(0xc001434000)\n\tC:/Users/18089/go/pkg/mod/github.com/gin-gonic/gin@v1.10.0/context.go:185 +0x2b\ngithub.com/flipped-aurora/gin-vue-admin/server/initialize.Routers.JWTAuth.func5(0xc001434000)\n\tC:/Users/18089/Desktop/MSTN/msrc-admin/server/middleware/jwt.go:69 +0x378\ngithub.com/gin-gonic/gin.(*Context).Next(...)\n\tC:/Users/18089/go/pkg/mod/github.com/gin-gonic/gin@v1.10.0/context.go:185\ngithub.com/flipped-aurora/gin-vue-admin/server/middleware.UploadResponseHeaders.func1(0xc001434000)\n\tC:/Users/18089/Desktop/MSTN/msrc-admin/server/middleware/upload_security.go:25 +0x246\ngithub.com/gin-gonic/gin.(*Context).Next(...)\n\tC:/Users/18089/go/pkg/mod/github.com/gin-gonic/gin@v1.10.0/context.go:185\ngithub.com/gin-gonic/gin.LoggerWithConfig.func1(0xc001434000)\n\tC:/Users/18089/go/pkg/mod/github.com/gin-gonic/gin@v1.10.0/logger.go:249 +0xe5\ngithub.com/gin-gonic/gin.(*Context).Next(0xc001434000)\n\tC:/Users/18089/go/pkg/mod/github.com/gin-gonic/gin@v1.10.0/context.go:185 +0x2b\ngithub.com/flipped-aurora/gin-vue-admin/server/initialize.Routers.AccessLog.func4(0xc001434000)\n\tC:/Users/18089/Desktop/MSTN/msrc-admin/server/middleware/access_log.go:73 +0x213\ngithub.com/gin-gonic/gin.(*Context).Next(0xc001434000)\n\tC:/Users/18089/go/pkg/mod/github.com/gin-gonic/gin@v1.10.0/context.go:185 +0x2b\ngithub.com/flipped-aurora/gin-vue-admin/server/initialize.Routers.GinRecovery.func3(0xc001c50670?)\n\tC:/Users/18089/Desktop/MSTN/msrc-admin/server/middleware/error.go:56 +0x47\ngithub.com/gin-gonic/gin.(*Context).Next(0xc001434000)\n\tC:/Users/18089/go/pkg/mod/github.com/gin-gonic/gin@v1.10.0/context.go:185 +0x2b\ngithub.com/flipped-aurora/gin-vue-admin/server/initialize.Routers.RequestMeta.func2(0xc001434000)\n\tC:/Users/18089/Desktop/MSTN/msrc-admin/server/middleware/request_meta.go:39 +0x312\ngithub.com/gin-gonic/gin.(*Context).Next(...)\n\tC:/Users/18089/go/pkg/mod/github.com/gin-gonic/gin@v1.10.0/context.go:185\ngithub.com/gin-gonic/gin.(*Engine).handleHTTPRequest(0xc000841d40, 0xc001434000)\n\tC:/Users/18089/go/pkg/mod/github.com/gin-gonic/gin@v1.10.0/gin.go:633 +0x94b\ngithub.com/gin-gonic/gin.(*Engine).ServeHTTP(0xc000841d40, {0x7ff62966d500, 0xc001b5a1e0}, 0xc001c0a500)\n\tC:/Users/18089/go/pkg/mod/github.com/gin-gonic/gin@v1.10.0/gin.go:589 +0x1ad\nnet/http.serverHandler.ServeHTTP({0xc001c16780?}, {0x7ff62966d500?, 0xc001b5a1e0?}, 0x6?)\n\tC:/Program Files/Go/src/net/http/server.go:3340 +0x8e\nnet/http.(*conn).serve(0xc0015103f0, {0x7ff629671c98, 0xc0014001e0})\n\tC:/Program Files/Go/src/net/http/server.go:2109 +0x665\ncreated by net/http.(*Server).Serve in goroutine 15\n\tC:/Program Files/Go/src/net/http/server.go:3493 +0x485\n", "mod": "http", "request_id": "336d6bc2-77c9-4d08-abda-92331fe1568d", "trace_id": "cb4f29f31def1294397e51b50b786ada", "device_id": "", "client_ip": "127.0.0.1", "http_method": "POST", "http_path": "/menu/getMenu", "span_id": "329ec1a094bef010"}
github.com/flipped-aurora/gin-vue-admin/server/initialize.Routers.GinRecovery.func3.1
	C:/Users/18089/Desktop/MSTN/msrc-admin/server/middleware/error.go:52
runtime.gopanic
	C:/Program Files/Go/src/runtime/panic.go:783
runtime.panicmem
	C:/Program Files/Go/src/runtime/panic.go:262
runtime.sigpanic
	C:/Program Files/Go/src/runtime/signal_windows.go:393
github.com/casbin/casbin/v3.(*SyncedCachedEnforcer).Enforce
	C:/Users/18089/go/pkg/mod/github.com/casbin/casbin/v3@v3.10.0/enforcer_cached_synced.go:61
github.com/flipped-aurora/gin-vue-admin/server/initialize.Routers.CasbinHandler.func7
	C:/Users/18089/Desktop/MSTN/msrc-admin/server/middleware/casbin_rbac.go:24
github.com/gin-gonic/gin.(*Context).Next
	C:/Users/18089/go/pkg/mod/github.com/gin-gonic/gin@v1.10.0/context.go:185
github.com/flipped-aurora/gin-vue-admin/server/initialize.Routers.MustChangePwdGuard.func6
	C:/Users/18089/Desktop/MSTN/msrc-admin/server/middleware/must_change_pwd.go:29
github.com/gin-gonic/gin.(*Context).Next
	C:/Users/18089/go/pkg/mod/github.com/gin-gonic/gin@v1.10.0/context.go:185
github.com/flipped-aurora/gin-vue-admin/server/initialize.Routers.JWTAuth.func5
	C:/Users/18089/Desktop/MSTN/msrc-admin/server/middleware/jwt.go:69
github.com/gin-gonic/gin.(*Context).Next
	C:/Users/18089/go/pkg/mod/github.com/gin-gonic/gin@v1.10.0/context.go:185
github.com/flipped-aurora/gin-vue-admin/server/middleware.UploadResponseHeaders.func1
	C:/Users/18089/Desktop/MSTN/msrc-admin/server/middleware/upload_security.go:25
github.com/gin-gonic/gin.(*Context).Next
	C:/Users/18089/go/pkg/mod/github.com/gin-gonic/gin@v1.10.0/context.go:185
github.com/gin-gonic/gin.LoggerWithConfig.func1
	C:/Users/18089/go/pkg/mod/github.com/gin-gonic/gin@v1.10.0/logger.go:249
github.com/gin-gonic/gin.(*Context).Next
	C:/Users/18089/go/pkg/mod/github.com/gin-gonic/gin@v1.10.0/context.go:185
github.com/flipped-aurora/gin-vue-admin/server/initialize.Routers.AccessLog.func4
	C:/Users/18089/Desktop/MSTN/msrc-admin/server/middleware/access_log.go:73
github.com/gin-gonic/gin.(*Context).Next
	C:/Users/18089/go/pkg/mod/github.com/gin-gonic/gin@v1.10.0/context.go:185
github.com/flipped-aurora/gin-vue-admin/server/initialize.Routers.GinRecovery.func3
	C:/Users/18089/Desktop/MSTN/msrc-admin/server/middleware/error.go:56
github.com/gin-gonic/gin.(*Context).Next
	C:/Users/18089/go/pkg/mod/github.com/gin-gonic/gin@v1.10.0/context.go:185
github.com/flipped-aurora/gin-vue-admin/server/initialize.Routers.RequestMeta.func2
	C:/Users/18089/Desktop/MSTN/msrc-admin/server/middleware/request_meta.go:39
github.com/gin-gonic/gin.(*Context).Next
	C:/Users/18089/go/pkg/mod/github.com/gin-gonic/gin@v1.10.0/context.go:185
github.com/gin-gonic/gin.(*Engine).handleHTTPRequest
	C:/Users/18089/go/pkg/mod/github.com/gin-gonic/gin@v1.10.0/gin.go:633
github.com/gin-gonic/gin.(*Engine).ServeHTTP
	C:/Users/18089/go/pkg/mod/github.com/gin-gonic/gin@v1.10.0/gin.go:589
net/http.serverHandler.ServeHTTP
	C:/Program Files/Go/src/net/http/server.go:3340
net/http.(*conn).serve
	C:/Program Files/Go/src/net/http/server.go:2109
[github.com/flipped-aurora/gin-vue-admin/server]2026-08-21 15:09:06.546	[31merror[0m	C:/Users/18089/Desktop/MSTN/msrc-admin/server/api/v1/system/sys_user.go:550	获取失败!	{"node": "", "app_id": "", "env": "", "mod": "biz", "request_id": "b86a8638-1a4d-42a0-bb40-79fdfb440a62", "trace_id": "1de33731865106110c0303931100ef6f", "device_id": "", "client_ip": "127.0.0.1", "http_method": "GET", "http_path": "/user/getUserInfo", "span_id": "acd5a1710c0aa60d", "error_msg": "record not found", "error_stack": "github.com/flipped-aurora/gin-vue-admin/server/utils/logger.(*Builder).assemble\n\tC:/Users/18089/Desktop/MSTN/msrc-admin/server/utils/logger/builder.go:64\ngithub.com/flipped-aurora/gin-vue-admin/server/utils/logger.(*Builder).log\n\tC:/Users/18089/Desktop/MSTN/msrc-admin/server/utils/logger/builder.go:75\ngithub.com/flipped-aurora/gin-vue-admin/server/utils/logger.(*Builder).Error\n\tC:/Users/18089/Desktop/MSTN/msrc-admin/server/utils/logger/builder.go:81\ngithub.com/flipped-aurora/gin-vue-admin/server/api/v1/system.(*BaseApi).GetUserInfo\n\tC:/Users/18089/Desktop/MSTN/msrc-admin/server/api/v1/system/sys_user.go:550\ngithub.com/gin-gonic/gin.(*Context).Next\n\tC:/Users/18089/go/pkg/mod/github.com/gin-gonic/gin@v1.10.0/context.go:185\ngithub.com/flipped-aurora/gin-vue-admin/server/initialize.Routers.DataScope.func8\n\tC:/Users/18089/Desktop/MSTN/msrc-admin/server/middleware/data_scope.go:26\ngithub.com/gin-gonic/gin.(*Context).Next\n\tC:/Users/18089/go/pkg/mod/github.com/gin-gonic/gin@v1.10.0/context.go:185\ngithub.com/flipped-aurora/gin-vue-admin/server/initialize.Routers.CasbinHandler.func7\n\tC:/Users/18089/Desktop/MSTN/msrc-admin/server/middleware/casbin_rbac.go:30\ngithub.com/gin-gonic/gin.(*Context).Next\n\tC:/Users/18089/go/pkg/mod/github.com/gin-gonic/gin@v1.10.0/context.go:185\ngithub.com/flipped-aurora/gin-vue-admin/server/initialize.Routers.MustChangePwdGuard.func6\n\tC:/Users/18089/Desktop/MSTN/msrc-admin/server/middleware/must_change_pwd.go:29\ngithub.com/gin-gonic/gin.(*Context).Next\n\tC:/Users/18089/go/pkg/mod/github.com/gin-gonic/gin@v1.10.0/context.go:185\ngithub.com/flipped-aurora/gin-vue-admin/server/initialize.Routers.JWTAuth.func5\n\tC:/Users/18089/Desktop/MSTN/msrc-admin/server/middleware/jwt.go:69\ngithub.com/gin-gonic/gin.(*Context).Next\n\tC:/Users/18089/go/pkg/mod/github.com/gin-gonic/gin@v1.10.0/context.go:185\ngithub.com/flipped-aurora/gin-vue-admin/server/middleware.UploadResponseHeaders.func1\n\tC:/Users/18089/Desktop/MSTN/msrc-admin/server/middleware/upload_security.go:25\ngithub.com/gin-gonic/gin.(*Context).Next\n\tC:/Users/18089/go/pkg/mod/github.com/gin-gonic/gin@v1.10.0/context.go:185\ngithub.com/gin-gonic/gin.LoggerWithConfig.func1\n\tC:/Users/18089/go/pkg/mod/github.com/gin-gonic/gin@v1.10.0/logger.go:249\ngithub.com/gin-gonic/gin.(*Context).Next\n\tC:/Users/18089/go/pkg/mod/github.com/gin-gonic/gin@v1.10.0/context.go:185\ngithub.com/flipped-aurora/gin-vue-admin/server/initialize.Routers.AccessLog.func4\n\tC:/Users/18089/Desktop/MSTN/msrc-admin/server/middleware/access_log.go:73\ngithub.com/gin-gonic/gin.(*Context).Next\n\tC:/Users/18089/go/pkg/mod/github.com/gin-gonic/gin@v1.10.0/context.go:185\ngithub.com/flipped-aurora/gin-vue-admin/server/initialize.Routers.GinRecovery.func3\n\tC:/Users/18089/Desktop/MSTN/msrc-admin/server/middleware/error.go:56\ngithub.com/gin-gonic/gin.(*Context).Next\n\tC:/Users/18089/go/pkg/mod/github.com/gin-gonic/gin@v1.10.0/context.go:185\ngithub.com/flipped-aurora/gin-vue-admin/server/initialize.Routers.RequestMeta.func2\n\tC:/Users/18089/Desktop/MSTN/msrc-admin/server/middleware/request_meta.go:39\ngithub.com/gin-gonic/gin.(*Context).Next\n\tC:/Users/18089/go/pkg/mod/github.com/gin-gonic/gin@v1.10.0/context.go:185\ngithub.com/gin-gonic/gin.(*Engine).handleHTTPRequest\n\tC:/Users/18089/go/pkg/mod/github.com/gin-gonic/gin@v1.10.0/gin.go:633\ngithub.com/gin-gonic/gin.(*Engine).ServeHTTP\n\tC:/Users/18089/go/pkg/mod/github.com/gin-gonic/gin@v1.10.0/gin.go:589\nnet/http.serverHandler.ServeHTTP\n\tC:/Program Files/Go/src/net/http/server.go:3340\nnet/http.(*conn).serve\n\tC:/Program Files/Go/src/net/http/server.go:2109"}
github.com/flipped-aurora/gin-vue-admin/server/api/v1/system.(*BaseApi).GetUserInfo
	C:/Users/18089/Desktop/MSTN/msrc-admin/server/api/v1/system/sys_user.go:550
github.com/gin-gonic/gin.(*Context).Next
	C:/Users/18089/go/pkg/mod/github.com/gin-gonic/gin@v1.10.0/context.go:185
github.com/flipped-aurora/gin-vue-admin/server/initialize.Routers.DataScope.func8
	C:/Users/18089/Desktop/MSTN/msrc-admin/server/middleware/data_scope.go:26
github.com/gin-gonic/gin.(*Context).Next
	C:/Users/18089/go/pkg/mod/github.com/gin-gonic/gin@v1.10.0/context.go:185
github.com/flipped-aurora/gin-vue-admin/server/initialize.Routers.CasbinHandler.func7
	C:/Users/18089/Desktop/MSTN/msrc-admin/server/middleware/casbin_rbac.go:30
github.com/gin-gonic/gin.(*Context).Next
	C:/Users/18089/go/pkg/mod/github.com/gin-gonic/gin@v1.10.0/context.go:185
github.com/flipped-aurora/gin-vue-admin/server/initialize.Routers.MustChangePwdGuard.func6
	C:/Users/18089/Desktop/MSTN/msrc-admin/server/middleware/must_change_pwd.go:29
github.com/gin-gonic/gin.(*Context).Next
	C:/Users/18089/go/pkg/mod/github.com/gin-gonic/gin@v1.10.0/context.go:185
github.com/flipped-aurora/gin-vue-admin/server/initialize.Routers.JWTAuth.func5
	C:/Users/18089/Desktop/MSTN/msrc-admin/server/middleware/jwt.go:69
github.com/gin-gonic/gin.(*Context).Next
	C:/Users/18089/go/pkg/mod/github.com/gin-gonic/gin@v1.10.0/context.go:185
github.com/flipped-aurora/gin-vue-admin/server/middleware.UploadResponseHeaders.func1
	C:/Users/18089/Desktop/MSTN/msrc-admin/server/middleware/upload_security.go:25
github.com/gin-gonic/gin.(*Context).Next
	C:/Users/18089/go/pkg/mod/github.com/gin-gonic/gin@v1.10.0/context.go:185
github.com/gin-gonic/gin.LoggerWithConfig.func1
	C:/Users/18089/go/pkg/mod/github.com/gin-gonic/gin@v1.10.0/logger.go:249
github.com/gin-gonic/gin.(*Context).Next
	C:/Users/18089/go/pkg/mod/github.com/gin-gonic/gin@v1.10.0/context.go:185
github.com/flipped-aurora/gin-vue-admin/server/initialize.Routers.AccessLog.func4
	C:/Users/18089/Desktop/MSTN/msrc-admin/server/middleware/access_log.go:73
github.com/gin-gonic/gin.(*Context).Next
	C:/Users/18089/go/pkg/mod/github.com/gin-gonic/gin@v1.10.0/context.go:185
github.com/flipped-aurora/gin-vue-admin/server/initialize.Routers.GinRecovery.func3
	C:/Users/18089/Desktop/MSTN/msrc-admin/server/middleware/error.go:56
github.com/gin-gonic/gin.(*Context).Next
	C:/Users/18089/go/pkg/mod/github.com/gin-gonic/gin@v1.10.0/context.go:185
github.com/flipped-aurora/gin-vue-admin/server/initialize.Routers.RequestMeta.func2
	C:/Users/18089/Desktop/MSTN/msrc-admin/server/middleware/request_meta.go:39
github.com/gin-gonic/gin.(*Context).Next
	C:/Users/18089/go/pkg/mod/github.com/gin-gonic/gin@v1.10.0/context.go:185
github.com/gin-gonic/gin.(*Engine).handleHTTPRequest
	C:/Users/18089/go/pkg/mod/github.com/gin-gonic/gin@v1.10.0/gin.go:633
github.com/gin-gonic/gin.(*Engine).ServeHTTP
	C:/Users/18089/go/pkg/mod/github.com/gin-gonic/gin@v1.10.0/gin.go:589
net/http.serverHandler.ServeHTTP
	C:/Program Files/Go/src/net/http/server.go:3340
net/http.(*conn).serve
	C:/Program Files/Go/src/net/http/server.go:2109
[github.com/flipped-aurora/gin-vue-admin/server]2026-08-21 15:09:42.812	[31merror[0m	C:/Users/18089/Desktop/MSTN/msrc-admin/server/middleware/hrc/member_jwt.go:95	member jwt parse failed	{"node": "", "app_id": "", "env": "", "error": "token signature is invalid: signature is invalid"}
github.com/flipped-aurora/gin-vue-admin/server/middleware/hrc.(*MemberJWT).ParseToken
	C:/Users/18089/Desktop/MSTN/msrc-admin/server/middleware/hrc/member_jwt.go:95
github.com/flipped-aurora/gin-vue-admin/server/router/hrc.(*ResumeRouter).InitResumeRouter.MemberAuth.func1
	C:/Users/18089/Desktop/MSTN/msrc-admin/server/middleware/hrc/member_jwt.go:117
github.com/gin-gonic/gin.(*Context).Next
	C:/Users/18089/go/pkg/mod/github.com/gin-gonic/gin@v1.10.0/context.go:185
github.com/flipped-aurora/gin-vue-admin/server/middleware.UploadResponseHeaders.func1
	C:/Users/18089/Desktop/MSTN/msrc-admin/server/middleware/upload_security.go:25
github.com/gin-gonic/gin.(*Context).Next
	C:/Users/18089/go/pkg/mod/github.com/gin-gonic/gin@v1.10.0/context.go:185
github.com/gin-gonic/gin.LoggerWithConfig.func1
	C:/Users/18089/go/pkg/mod/github.com/gin-gonic/gin@v1.10.0/logger.go:249
github.com/gin-gonic/gin.(*Context).Next
	C:/Users/18089/go/pkg/mod/github.com/gin-gonic/gin@v1.10.0/context.go:185
github.com/flipped-aurora/gin-vue-admin/server/initialize.Routers.AccessLog.func4
	C:/Users/18089/Desktop/MSTN/msrc-admin/server/middleware/access_log.go:73
github.com/gin-gonic/gin.(*Context).Next
	C:/Users/18089/go/pkg/mod/github.com/gin-gonic/gin@v1.10.0/context.go:185
github.com/flipped-aurora/gin-vue-admin/server/initialize.Routers.GinRecovery.func3
	C:/Users/18089/Desktop/MSTN/msrc-admin/server/middleware/error.go:56
github.com/gin-gonic/gin.(*Context).Next
	C:/Users/18089/go/pkg/mod/github.com/gin-gonic/gin@v1.10.0/context.go:185
github.com/flipped-aurora/gin-vue-admin/server/initialize.Routers.RequestMeta.func2
	C:/Users/18089/Desktop/MSTN/msrc-admin/server/middleware/request_meta.go:39
github.com/gin-gonic/gin.(*Context).Next
	C:/Users/18089/go/pkg/mod/github.com/gin-gonic/gin@v1.10.0/context.go:185
github.com/gin-gonic/gin.(*Engine).handleHTTPRequest
	C:/Users/18089/go/pkg/mod/github.com/gin-gonic/gin@v1.10.0/gin.go:633
github.com/gin-gonic/gin.(*Engine).ServeHTTP
	C:/Users/18089/go/pkg/mod/github.com/gin-gonic/gin@v1.10.0/gin.go:589
net/http.serverHandler.ServeHTTP
	C:/Program Files/Go/src/net/http/server.go:3340
net/http.(*conn).serve
	C:/Program Files/Go/src/net/http/server.go:2109
