[github.com/flipped-aurora/gin-vue-admin/server]2026-08-13 09:35:28.527	[31merror[0m	C:/Users/18089/Desktop/人才网需求分析/msrc-admin/server/api/v1/system/sys_initdb.go:34	自动创建数据库失败!	{"node": "", "app_id": "", "env": "", "mod": "biz", "request_id": "1899f350-e65a-43b4-981e-8dc25856124c", "trace_id": "c8091177631992ec372a2370ae3ff003", "device_id": "", "client_ip": "127.0.0.1", "http_method": "POST", "http_path": "/init/initdb", "span_id": "95ab8e78e4f10f24", "error_msg": "Error 1045 (28000): Access denied for user 'root'@'localhost' (using password: NO)", "error_stack": "github.com/flipped-aurora/gin-vue-admin/server/utils/logger.(*Builder).assemble\n\tC:/Users/18089/Desktop/人才网需求分析/msrc-admin/server/utils/logger/builder.go:64\ngithub.com/flipped-aurora/gin-vue-admin/server/utils/logger.(*Builder).log\n\tC:/Users/18089/Desktop/人才网需求分析/msrc-admin/server/utils/logger/builder.go:75\ngithub.com/flipped-aurora/gin-vue-admin/server/utils/logger.(*Builder).Error\n\tC:/Users/18089/Desktop/人才网需求分析/msrc-admin/server/utils/logger/builder.go:81\ngithub.com/flipped-aurora/gin-vue-admin/server/api/v1/system.(*DBApi).InitDB\n\tC:/Users/18089/Desktop/人才网需求分析/msrc-admin/server/api/v1/system/sys_initdb.go:34\ngithub.com/gin-gonic/gin.(*Context).Next\n\tC:/Users/18089/go/pkg/mod/github.com/gin-gonic/gin@v1.10.0/context.go:185\ngithub.com/flipped-aurora/gin-vue-admin/server/middleware.UploadResponseHeaders.func1\n\tC:/Users/18089/Desktop/人才网需求分析/msrc-admin/server/middleware/upload_security.go:25\ngithub.com/gin-gonic/gin.(*Context).Next\n\tC:/Users/18089/go/pkg/mod/github.com/gin-gonic/gin@v1.10.0/context.go:185\ngithub.com/gin-gonic/gin.LoggerWithConfig.func1\n\tC:/Users/18089/go/pkg/mod/github.com/gin-gonic/gin@v1.10.0/logger.go:249\ngithub.com/gin-gonic/gin.(*Context).Next\n\tC:/Users/18089/go/pkg/mod/github.com/gin-gonic/gin@v1.10.0/context.go:185\ngithub.com/flipped-aurora/gin-vue-admin/server/initialize.Routers.AccessLog.func4\n\tC:/Users/18089/Desktop/人才网需求分析/msrc-admin/server/middleware/access_log.go:73\ngithub.com/gin-gonic/gin.(*Context).Next\n\tC:/Users/18089/go/pkg/mod/github.com/gin-gonic/gin@v1.10.0/context.go:185\ngithub.com/flipped-aurora/gin-vue-admin/server/initialize.Routers.GinRecovery.func3\n\tC:/Users/18089/Desktop/人才网需求分析/msrc-admin/server/middleware/error.go:56\ngithub.com/gin-gonic/gin.(*Context).Next\n\tC:/Users/18089/go/pkg/mod/github.com/gin-gonic/gin@v1.10.0/context.go:185\ngithub.com/flipped-aurora/gin-vue-admin/server/initialize.Routers.RequestMeta.func2\n\tC:/Users/18089/Desktop/人才网需求分析/msrc-admin/server/middleware/request_meta.go:39\ngithub.com/gin-gonic/gin.(*Context).Next\n\tC:/Users/18089/go/pkg/mod/github.com/gin-gonic/gin@v1.10.0/context.go:185\ngithub.com/gin-gonic/gin.(*Engine).handleHTTPRequest\n\tC:/Users/18089/go/pkg/mod/github.com/gin-gonic/gin@v1.10.0/gin.go:633\ngithub.com/gin-gonic/gin.(*Engine).ServeHTTP\n\tC:/Users/18089/go/pkg/mod/github.com/gin-gonic/gin@v1.10.0/gin.go:589\nnet/http.serverHandler.ServeHTTP\n\tC:/Program Files/Go/src/net/http/server.go:3340\nnet/http.(*conn).serve\n\tC:/Program Files/Go/src/net/http/server.go:2109"}
github.com/flipped-aurora/gin-vue-admin/server/api/v1/system.(*DBApi).InitDB
	C:/Users/18089/Desktop/人才网需求分析/msrc-admin/server/api/v1/system/sys_initdb.go:34
github.com/gin-gonic/gin.(*Context).Next
	C:/Users/18089/go/pkg/mod/github.com/gin-gonic/gin@v1.10.0/context.go:185
github.com/flipped-aurora/gin-vue-admin/server/middleware.UploadResponseHeaders.func1
	C:/Users/18089/Desktop/人才网需求分析/msrc-admin/server/middleware/upload_security.go:25
github.com/gin-gonic/gin.(*Context).Next
	C:/Users/18089/go/pkg/mod/github.com/gin-gonic/gin@v1.10.0/context.go:185
github.com/gin-gonic/gin.LoggerWithConfig.func1
	C:/Users/18089/go/pkg/mod/github.com/gin-gonic/gin@v1.10.0/logger.go:249
github.com/gin-gonic/gin.(*Context).Next
	C:/Users/18089/go/pkg/mod/github.com/gin-gonic/gin@v1.10.0/context.go:185
github.com/flipped-aurora/gin-vue-admin/server/initialize.Routers.AccessLog.func4
	C:/Users/18089/Desktop/人才网需求分析/msrc-admin/server/middleware/access_log.go:73
github.com/gin-gonic/gin.(*Context).Next
	C:/Users/18089/go/pkg/mod/github.com/gin-gonic/gin@v1.10.0/context.go:185
github.com/flipped-aurora/gin-vue-admin/server/initialize.Routers.GinRecovery.func3
	C:/Users/18089/Desktop/人才网需求分析/msrc-admin/server/middleware/error.go:56
github.com/gin-gonic/gin.(*Context).Next
	C:/Users/18089/go/pkg/mod/github.com/gin-gonic/gin@v1.10.0/context.go:185
github.com/flipped-aurora/gin-vue-admin/server/initialize.Routers.RequestMeta.func2
	C:/Users/18089/Desktop/人才网需求分析/msrc-admin/server/middleware/request_meta.go:39
github.com/gin-gonic/gin.(*Context).Next
	C:/Users/18089/go/pkg/mod/github.com/gin-gonic/gin@v1.10.0/context.go:185
github.com/gin-gonic/gin.(*Engine).handleHTTPRequest
	C:/Users/18089/go/pkg/mod/github.com/gin-gonic/gin@v1.10.0/gin.go:633
github.com/gin-gonic/gin.(*Engine).ServeHTTP
	C:/Users/18089/go/pkg/mod/github.com/gin-gonic/gin@v1.10.0/gin.go:589
net/http.serverHandler.ServeHTTP
	C:/Program Files/Go/src/net/http/server.go:3340
net/http.(*conn).serve
	C:/Program Files/Go/src/net/http/server.go:2109
[github.com/flipped-aurora/gin-vue-admin/server]2026-08-13 09:38:53.002	[31merror[0m	C:/Users/18089/Desktop/人才网需求分析/msrc-admin/server/api/v1/system/sys_initdb.go:34	自动创建数据库失败!	{"node": "", "app_id": "", "env": "", "mod": "biz", "request_id": "780e328f-d10d-4e9e-8c13-81cbbb7e7eb9", "trace_id": "86acfe7c7492407ffb93a90797ecf9c3", "device_id": "", "client_ip": "127.0.0.1", "http_method": "POST", "http_path": "/init/initdb", "span_id": "d416a8736f8fec85", "error_msg": "Error 1045 (28000): Access denied for user 'root'@'localhost' (using password: NO)", "error_stack": "github.com/flipped-aurora/gin-vue-admin/server/utils/logger.(*Builder).assemble\n\tC:/Users/18089/Desktop/人才网需求分析/msrc-admin/server/utils/logger/builder.go:64\ngithub.com/flipped-aurora/gin-vue-admin/server/utils/logger.(*Builder).log\n\tC:/Users/18089/Desktop/人才网需求分析/msrc-admin/server/utils/logger/builder.go:75\ngithub.com/flipped-aurora/gin-vue-admin/server/utils/logger.(*Builder).Error\n\tC:/Users/18089/Desktop/人才网需求分析/msrc-admin/server/utils/logger/builder.go:81\ngithub.com/flipped-aurora/gin-vue-admin/server/api/v1/system.(*DBApi).InitDB\n\tC:/Users/18089/Desktop/人才网需求分析/msrc-admin/server/api/v1/system/sys_initdb.go:34\ngithub.com/gin-gonic/gin.(*Context).Next\n\tC:/Users/18089/go/pkg/mod/github.com/gin-gonic/gin@v1.10.0/context.go:185\ngithub.com/flipped-aurora/gin-vue-admin/server/middleware.UploadResponseHeaders.func1\n\tC:/Users/18089/Desktop/人才网需求分析/msrc-admin/server/middleware/upload_security.go:25\ngithub.com/gin-gonic/gin.(*Context).Next\n\tC:/Users/18089/go/pkg/mod/github.com/gin-gonic/gin@v1.10.0/context.go:185\ngithub.com/gin-gonic/gin.LoggerWithConfig.func1\n\tC:/Users/18089/go/pkg/mod/github.com/gin-gonic/gin@v1.10.0/logger.go:249\ngithub.com/gin-gonic/gin.(*Context).Next\n\tC:/Users/18089/go/pkg/mod/github.com/gin-gonic/gin@v1.10.0/context.go:185\ngithub.com/flipped-aurora/gin-vue-admin/server/initialize.Routers.AccessLog.func4\n\tC:/Users/18089/Desktop/人才网需求分析/msrc-admin/server/middleware/access_log.go:73\ngithub.com/gin-gonic/gin.(*Context).Next\n\tC:/Users/18089/go/pkg/mod/github.com/gin-gonic/gin@v1.10.0/context.go:185\ngithub.com/flipped-aurora/gin-vue-admin/server/initialize.Routers.GinRecovery.func3\n\tC:/Users/18089/Desktop/人才网需求分析/msrc-admin/server/middleware/error.go:56\ngithub.com/gin-gonic/gin.(*Context).Next\n\tC:/Users/18089/go/pkg/mod/github.com/gin-gonic/gin@v1.10.0/context.go:185\ngithub.com/flipped-aurora/gin-vue-admin/server/initialize.Routers.RequestMeta.func2\n\tC:/Users/18089/Desktop/人才网需求分析/msrc-admin/server/middleware/request_meta.go:39\ngithub.com/gin-gonic/gin.(*Context).Next\n\tC:/Users/18089/go/pkg/mod/github.com/gin-gonic/gin@v1.10.0/context.go:185\ngithub.com/gin-gonic/gin.(*Engine).handleHTTPRequest\n\tC:/Users/18089/go/pkg/mod/github.com/gin-gonic/gin@v1.10.0/gin.go:633\ngithub.com/gin-gonic/gin.(*Engine).ServeHTTP\n\tC:/Users/18089/go/pkg/mod/github.com/gin-gonic/gin@v1.10.0/gin.go:589\nnet/http.serverHandler.ServeHTTP\n\tC:/Program Files/Go/src/net/http/server.go:3340\nnet/http.(*conn).serve\n\tC:/Program Files/Go/src/net/http/server.go:2109"}
github.com/flipped-aurora/gin-vue-admin/server/api/v1/system.(*DBApi).InitDB
	C:/Users/18089/Desktop/人才网需求分析/msrc-admin/server/api/v1/system/sys_initdb.go:34
github.com/gin-gonic/gin.(*Context).Next
	C:/Users/18089/go/pkg/mod/github.com/gin-gonic/gin@v1.10.0/context.go:185
github.com/flipped-aurora/gin-vue-admin/server/middleware.UploadResponseHeaders.func1
	C:/Users/18089/Desktop/人才网需求分析/msrc-admin/server/middleware/upload_security.go:25
github.com/gin-gonic/gin.(*Context).Next
	C:/Users/18089/go/pkg/mod/github.com/gin-gonic/gin@v1.10.0/context.go:185
github.com/gin-gonic/gin.LoggerWithConfig.func1
	C:/Users/18089/go/pkg/mod/github.com/gin-gonic/gin@v1.10.0/logger.go:249
github.com/gin-gonic/gin.(*Context).Next
	C:/Users/18089/go/pkg/mod/github.com/gin-gonic/gin@v1.10.0/context.go:185
github.com/flipped-aurora/gin-vue-admin/server/initialize.Routers.AccessLog.func4
	C:/Users/18089/Desktop/人才网需求分析/msrc-admin/server/middleware/access_log.go:73
github.com/gin-gonic/gin.(*Context).Next
	C:/Users/18089/go/pkg/mod/github.com/gin-gonic/gin@v1.10.0/context.go:185
github.com/flipped-aurora/gin-vue-admin/server/initialize.Routers.GinRecovery.func3
	C:/Users/18089/Desktop/人才网需求分析/msrc-admin/server/middleware/error.go:56
github.com/gin-gonic/gin.(*Context).Next
	C:/Users/18089/go/pkg/mod/github.com/gin-gonic/gin@v1.10.0/context.go:185
github.com/flipped-aurora/gin-vue-admin/server/initialize.Routers.RequestMeta.func2
	C:/Users/18089/Desktop/人才网需求分析/msrc-admin/server/middleware/request_meta.go:39
github.com/gin-gonic/gin.(*Context).Next
	C:/Users/18089/go/pkg/mod/github.com/gin-gonic/gin@v1.10.0/context.go:185
github.com/gin-gonic/gin.(*Engine).handleHTTPRequest
	C:/Users/18089/go/pkg/mod/github.com/gin-gonic/gin@v1.10.0/gin.go:633
github.com/gin-gonic/gin.(*Engine).ServeHTTP
	C:/Users/18089/go/pkg/mod/github.com/gin-gonic/gin@v1.10.0/gin.go:589
net/http.serverHandler.ServeHTTP
	C:/Program Files/Go/src/net/http/server.go:3340
net/http.(*conn).serve
	C:/Program Files/Go/src/net/http/server.go:2109
[github.com/flipped-aurora/gin-vue-admin/server]2026-08-13 11:25:08.271	[31merror[0m	C:/Users/18089/Desktop/人才网需求分析/msrc-admin/server/core/server_run.go:37	server启动失败	{"node": "", "app_id": "", "env": "", "error": "listen tcp :8888: bind: Only one usage of each socket address (protocol/network address/port) is normally permitted."}
github.com/flipped-aurora/gin-vue-admin/server/core.initServer.func1
	C:/Users/18089/Desktop/人才网需求分析/msrc-admin/server/core/server_run.go:37
[github.com/flipped-aurora/gin-vue-admin/server]2026-08-13 11:46:47.841	[31merror[0m	C:/Users/18089/Desktop/人才网需求分析/msrc-admin/server/core/server_run.go:37	server启动失败	{"node": "", "app_id": "", "env": "", "error": "listen tcp :8888: bind: Only one usage of each socket address (protocol/network address/port) is normally permitted."}
github.com/flipped-aurora/gin-vue-admin/server/core.initServer.func1
	C:/Users/18089/Desktop/人才网需求分析/msrc-admin/server/core/server_run.go:37
[github.com/flipped-aurora/gin-vue-admin/server]2026-08-13 11:48:47.255	[31merror[0m	C:/Users/18089/Desktop/人才网需求分析/msrc-admin/server/core/server_run.go:37	server启动失败	{"node": "", "app_id": "", "env": "", "error": "listen tcp :8888: bind: Only one usage of each socket address (protocol/network address/port) is normally permitted."}
github.com/flipped-aurora/gin-vue-admin/server/core.initServer.func1
	C:/Users/18089/Desktop/人才网需求分析/msrc-admin/server/core/server_run.go:37
[github.com/flipped-aurora/gin-vue-admin/server]2026-08-13 13:56:08.796	[31merror[0m	C:/Users/18089/Desktop/人才网需求分析/msrc-admin/server/middleware/error.go:52	[Recovery from panic]	{"node": "", "app_id": "", "env": "", "error": "runtime error: invalid memory address or nil pointer dereference", "request": "POST /api/v1/auth/sms-code HTTP/1.1\r\nHost: localhost:8888\r\nAccept: */*\r\nAccept-Encoding: gzip, deflate, br\r\nConnection: keep-alive\r\nContent-Length: 48\r\nContent-Type: application/json\r\nUser-Agent: Apifox/1.0.0 (https://apifox.com)\r\n\r\n", "stack": "goroutine 43 [running]:\nruntime/debug.Stack()\n\tC:/Program Files/Go/src/runtime/debug/stack.go:26 +0x5e\ngithub.com/flipped-aurora/gin-vue-admin/server/initialize.Routers.GinRecovery.func3.1()\n\tC:/Users/18089/Desktop/人才网需求分析/msrc-admin/server/middleware/error.go:50 +0x2dd\npanic({0x7ff7afff6ac0?, 0x7ff7b2b8bf30?})\n\tC:/Program Files/Go/src/runtime/panic.go:783 +0x132\ngithub.com/flipped-aurora/gin-vue-admin/server/service/hrc.(*AuthService).SendSmsCode(0x7ff7b2badff0?, {0xc001974484, 0xb}, {0x7ff7b030e8e1, 0x8})\n\tC:/Users/18089/Desktop/人才网需求分析/msrc-admin/server/service/hrc/auth_service.go:55 +0x141\ngithub.com/flipped-aurora/gin-vue-admin/server/api/v1/hrc.(*AuthApi).SmsCode(0x7ff7b0d22010?, 0xc0017f8000)\n\tC:/Users/18089/Desktop/人才网需求分析/msrc-admin/server/api/v1/hrc/auth.go:42 +0xb4\ngithub.com/gin-gonic/gin.(*Context).Next(...)\n\tC:/Users/18089/go/pkg/mod/github.com/gin-gonic/gin@v1.10.0/context.go:185\ngithub.com/flipped-aurora/gin-vue-admin/server/middleware.UploadResponseHeaders.func1(0xc0017f8000)\n\tC:/Users/18089/Desktop/人才网需求分析/msrc-admin/server/middleware/upload_security.go:25 +0x246\ngithub.com/gin-gonic/gin.(*Context).Next(...)\n\tC:/Users/18089/go/pkg/mod/github.com/gin-gonic/gin@v1.10.0/context.go:185\ngithub.com/gin-gonic/gin.LoggerWithConfig.func1(0xc0017f8000)\n\tC:/Users/18089/go/pkg/mod/github.com/gin-gonic/gin@v1.10.0/logger.go:249 +0xe5\ngithub.com/gin-gonic/gin.(*Context).Next(0xc0017f8000)\n\tC:/Users/18089/go/pkg/mod/github.com/gin-gonic/gin@v1.10.0/context.go:185 +0x2b\ngithub.com/flipped-aurora/gin-vue-admin/server/initialize.Routers.AccessLog.func4(0xc0017f8000)\n\tC:/Users/18089/Desktop/人才网需求分析/msrc-admin/server/middleware/access_log.go:73 +0x213\ngithub.com/gin-gonic/gin.(*Context).Next(0xc0017f8000)\n\tC:/Users/18089/go/pkg/mod/github.com/gin-gonic/gin@v1.10.0/context.go:185 +0x2b\ngithub.com/flipped-aurora/gin-vue-admin/server/initialize.Routers.GinRecovery.func3(0xc0019743e0?)\n\tC:/Users/18089/Desktop/人才网需求分析/msrc-admin/server/middleware/error.go:56 +0x47\ngithub.com/gin-gonic/gin.(*Context).Next(0xc0017f8000)\n\tC:/Users/18089/go/pkg/mod/github.com/gin-gonic/gin@v1.10.0/context.go:185 +0x2b\ngithub.com/flipped-aurora/gin-vue-admin/server/initialize.Routers.RequestMeta.func2(0xc0017f8000)\n\tC:/Users/18089/Desktop/人才网需求分析/msrc-admin/server/middleware/request_meta.go:39 +0x312\ngithub.com/gin-gonic/gin.(*Context).Next(...)\n\tC:/Users/18089/go/pkg/mod/github.com/gin-gonic/gin@v1.10.0/context.go:185\ngithub.com/gin-gonic/gin.(*Engine).handleHTTPRequest(0xc0015376c0, 0xc0017f8000)\n\tC:/Users/18089/go/pkg/mod/github.com/gin-gonic/gin@v1.10.0/gin.go:633 +0x94b\ngithub.com/gin-gonic/gin.(*Engine).ServeHTTP(0xc0015376c0, {0x7ff7b0d4f650, 0xc00140c0f0}, 0xc000ac03c0)\n\tC:/Users/18089/go/pkg/mod/github.com/gin-gonic/gin@v1.10.0/gin.go:589 +0x1ad\nnet/http.serverHandler.ServeHTTP({0x7ff7b0d41068?}, {0x7ff7b0d4f650?, 0xc00140c0f0?}, 0x1?)\n\tC:/Program Files/Go/src/net/http/server.go:3340 +0x8e\nnet/http.(*conn).serve(0xc000190090, {0x7ff7b0d53df8, 0xc00095bbc0})\n\tC:/Program Files/Go/src/net/http/server.go:2109 +0x665\ncreated by net/http.(*Server).Serve in goroutine 163\n\tC:/Program Files/Go/src/net/http/server.go:3493 +0x485\n", "mod": "http", "request_id": "1e310eae-9e74-428f-90b0-095f67064b68", "trace_id": "f5e22fc0d85defe19b0edb570c9f4a0f", "device_id": "", "client_ip": "::1", "http_method": "POST", "http_path": "/api/v1/auth/sms-code", "span_id": "10a6af03a0856f47"}
github.com/flipped-aurora/gin-vue-admin/server/initialize.Routers.GinRecovery.func3.1
	C:/Users/18089/Desktop/人才网需求分析/msrc-admin/server/middleware/error.go:52
runtime.gopanic
	C:/Program Files/Go/src/runtime/panic.go:783
runtime.panicmem
	C:/Program Files/Go/src/runtime/panic.go:262
runtime.sigpanic
	C:/Program Files/Go/src/runtime/signal_windows.go:393
github.com/flipped-aurora/gin-vue-admin/server/service/hrc.(*AuthService).SendSmsCode
	C:/Users/18089/Desktop/人才网需求分析/msrc-admin/server/service/hrc/auth_service.go:55
github.com/flipped-aurora/gin-vue-admin/server/api/v1/hrc.(*AuthApi).SmsCode
	C:/Users/18089/Desktop/人才网需求分析/msrc-admin/server/api/v1/hrc/auth.go:42
github.com/gin-gonic/gin.(*Context).Next
	C:/Users/18089/go/pkg/mod/github.com/gin-gonic/gin@v1.10.0/context.go:185
github.com/flipped-aurora/gin-vue-admin/server/middleware.UploadResponseHeaders.func1
	C:/Users/18089/Desktop/人才网需求分析/msrc-admin/server/middleware/upload_security.go:25
github.com/gin-gonic/gin.(*Context).Next
	C:/Users/18089/go/pkg/mod/github.com/gin-gonic/gin@v1.10.0/context.go:185
github.com/gin-gonic/gin.LoggerWithConfig.func1
	C:/Users/18089/go/pkg/mod/github.com/gin-gonic/gin@v1.10.0/logger.go:249
github.com/gin-gonic/gin.(*Context).Next
	C:/Users/18089/go/pkg/mod/github.com/gin-gonic/gin@v1.10.0/context.go:185
github.com/flipped-aurora/gin-vue-admin/server/initialize.Routers.AccessLog.func4
	C:/Users/18089/Desktop/人才网需求分析/msrc-admin/server/middleware/access_log.go:73
github.com/gin-gonic/gin.(*Context).Next
	C:/Users/18089/go/pkg/mod/github.com/gin-gonic/gin@v1.10.0/context.go:185
github.com/flipped-aurora/gin-vue-admin/server/initialize.Routers.GinRecovery.func3
	C:/Users/18089/Desktop/人才网需求分析/msrc-admin/server/middleware/error.go:56
github.com/gin-gonic/gin.(*Context).Next
	C:/Users/18089/go/pkg/mod/github.com/gin-gonic/gin@v1.10.0/context.go:185
github.com/flipped-aurora/gin-vue-admin/server/initialize.Routers.RequestMeta.func2
	C:/Users/18089/Desktop/人才网需求分析/msrc-admin/server/middleware/request_meta.go:39
github.com/gin-gonic/gin.(*Context).Next
	C:/Users/18089/go/pkg/mod/github.com/gin-gonic/gin@v1.10.0/context.go:185
github.com/gin-gonic/gin.(*Engine).handleHTTPRequest
	C:/Users/18089/go/pkg/mod/github.com/gin-gonic/gin@v1.10.0/gin.go:633
github.com/gin-gonic/gin.(*Engine).ServeHTTP
	C:/Users/18089/go/pkg/mod/github.com/gin-gonic/gin@v1.10.0/gin.go:589
net/http.serverHandler.ServeHTTP
	C:/Program Files/Go/src/net/http/server.go:3340
net/http.(*conn).serve
	C:/Program Files/Go/src/net/http/server.go:2109
[github.com/flipped-aurora/gin-vue-admin/server]2026-08-13 14:01:38.741	[31merror[0m	C:/Users/18089/Desktop/人才网需求分析/msrc-admin/server/middleware/error.go:52	[Recovery from panic]	{"node": "", "app_id": "", "env": "", "error": "runtime error: invalid memory address or nil pointer dereference", "request": "POST /api/v1/auth/sms-code HTTP/1.1\r\nHost: localhost:8888\r\nAccept: */*\r\nAccept-Encoding: gzip, deflate, br\r\nConnection: keep-alive\r\nContent-Length: 29\r\nContent-Type: application/json\r\nUser-Agent: Apifox/1.0.0 (https://apifox.com)\r\n\r\n", "stack": "goroutine 43 [running]:\nruntime/debug.Stack()\n\tC:/Program Files/Go/src/runtime/debug/stack.go:26 +0x5e\ngithub.com/flipped-aurora/gin-vue-admin/server/initialize.Routers.GinRecovery.func3.1()\n\tC:/Users/18089/Desktop/人才网需求分析/msrc-admin/server/middleware/error.go:50 +0x2dd\npanic({0x7ff7afff6ac0?, 0x7ff7b2b8bf30?})\n\tC:/Program Files/Go/src/runtime/panic.go:783 +0x132\ngithub.com/flipped-aurora/gin-vue-admin/server/service/hrc.(*AuthService).SendSmsCode(0x7ff7b2badff0?, {0xc00169e0f0, 0xb}, {0x7ff7b030e8e1, 0x8})\n\tC:/Users/18089/Desktop/人才网需求分析/msrc-admin/server/service/hrc/auth_service.go:55 +0x141\ngithub.com/flipped-aurora/gin-vue-admin/server/api/v1/hrc.(*AuthApi).SmsCode(0x7ff7b0d22010?, 0xc0017f8000)\n\tC:/Users/18089/Desktop/人才网需求分析/msrc-admin/server/api/v1/hrc/auth.go:42 +0xb4\ngithub.com/gin-gonic/gin.(*Context).Next(...)\n\tC:/Users/18089/go/pkg/mod/github.com/gin-gonic/gin@v1.10.0/context.go:185\ngithub.com/flipped-aurora/gin-vue-admin/server/middleware.UploadResponseHeaders.func1(0xc0017f8000)\n\tC:/Users/18089/Desktop/人才网需求分析/msrc-admin/server/middleware/upload_security.go:25 +0x246\ngithub.com/gin-gonic/gin.(*Context).Next(...)\n\tC:/Users/18089/go/pkg/mod/github.com/gin-gonic/gin@v1.10.0/context.go:185\ngithub.com/gin-gonic/gin.LoggerWithConfig.func1(0xc0017f8000)\n\tC:/Users/18089/go/pkg/mod/github.com/gin-gonic/gin@v1.10.0/logger.go:249 +0xe5\ngithub.com/gin-gonic/gin.(*Context).Next(0xc0017f8000)\n\tC:/Users/18089/go/pkg/mod/github.com/gin-gonic/gin@v1.10.0/context.go:185 +0x2b\ngithub.com/flipped-aurora/gin-vue-admin/server/initialize.Routers.AccessLog.func4(0xc0017f8000)\n\tC:/Users/18089/Desktop/人才网需求分析/msrc-admin/server/middleware/access_log.go:73 +0x213\ngithub.com/gin-gonic/gin.(*Context).Next(0xc0017f8000)\n\tC:/Users/18089/go/pkg/mod/github.com/gin-gonic/gin@v1.10.0/context.go:185 +0x2b\ngithub.com/flipped-aurora/gin-vue-admin/server/initialize.Routers.GinRecovery.func3(0xc00169e0b0?)\n\tC:/Users/18089/Desktop/人才网需求分析/msrc-admin/server/middleware/error.go:56 +0x47\ngithub.com/gin-gonic/gin.(*Context).Next(0xc0017f8000)\n\tC:/Users/18089/go/pkg/mod/github.com/gin-gonic/gin@v1.10.0/context.go:185 +0x2b\ngithub.com/flipped-aurora/gin-vue-admin/server/initialize.Routers.RequestMeta.func2(0xc0017f8000)\n\tC:/Users/18089/Desktop/人才网需求分析/msrc-admin/server/middleware/request_meta.go:39 +0x312\ngithub.com/gin-gonic/gin.(*Context).Next(...)\n\tC:/Users/18089/go/pkg/mod/github.com/gin-gonic/gin@v1.10.0/context.go:185\ngithub.com/gin-gonic/gin.(*Engine).handleHTTPRequest(0xc0015376c0, 0xc0017f8000)\n\tC:/Users/18089/go/pkg/mod/github.com/gin-gonic/gin@v1.10.0/gin.go:633 +0x94b\ngithub.com/gin-gonic/gin.(*Engine).ServeHTTP(0xc0015376c0, {0x7ff7b0d4f650, 0xc00140c0f0}, 0xc000ac03c0)\n\tC:/Users/18089/go/pkg/mod/github.com/gin-gonic/gin@v1.10.0/gin.go:589 +0x1ad\nnet/http.serverHandler.ServeHTTP({0x7ff7b0d41068?}, {0x7ff7b0d4f650?, 0xc00140c0f0?}, 0x1?)\n\tC:/Program Files/Go/src/net/http/server.go:3340 +0x8e\nnet/http.(*conn).serve(0xc000190090, {0x7ff7b0d53df8, 0xc00095bbc0})\n\tC:/Program Files/Go/src/net/http/server.go:2109 +0x665\ncreated by net/http.(*Server).Serve in goroutine 163\n\tC:/Program Files/Go/src/net/http/server.go:3493 +0x485\n", "mod": "http", "request_id": "a1cbe3bd-5ec0-4d3e-a2ff-cec638ea02e0", "trace_id": "78f3be009dc8b2b5220ca82bf1ae2315", "device_id": "", "client_ip": "::1", "http_method": "POST", "http_path": "/api/v1/auth/sms-code", "span_id": "7ba6d821b9e150ca"}
github.com/flipped-aurora/gin-vue-admin/server/initialize.Routers.GinRecovery.func3.1
	C:/Users/18089/Desktop/人才网需求分析/msrc-admin/server/middleware/error.go:52
runtime.gopanic
	C:/Program Files/Go/src/runtime/panic.go:783
runtime.panicmem
	C:/Program Files/Go/src/runtime/panic.go:262
runtime.sigpanic
	C:/Program Files/Go/src/runtime/signal_windows.go:393
github.com/flipped-aurora/gin-vue-admin/server/service/hrc.(*AuthService).SendSmsCode
	C:/Users/18089/Desktop/人才网需求分析/msrc-admin/server/service/hrc/auth_service.go:55
github.com/flipped-aurora/gin-vue-admin/server/api/v1/hrc.(*AuthApi).SmsCode
	C:/Users/18089/Desktop/人才网需求分析/msrc-admin/server/api/v1/hrc/auth.go:42
github.com/gin-gonic/gin.(*Context).Next
	C:/Users/18089/go/pkg/mod/github.com/gin-gonic/gin@v1.10.0/context.go:185
github.com/flipped-aurora/gin-vue-admin/server/middleware.UploadResponseHeaders.func1
	C:/Users/18089/Desktop/人才网需求分析/msrc-admin/server/middleware/upload_security.go:25
github.com/gin-gonic/gin.(*Context).Next
	C:/Users/18089/go/pkg/mod/github.com/gin-gonic/gin@v1.10.0/context.go:185
github.com/gin-gonic/gin.LoggerWithConfig.func1
	C:/Users/18089/go/pkg/mod/github.com/gin-gonic/gin@v1.10.0/logger.go:249
github.com/gin-gonic/gin.(*Context).Next
	C:/Users/18089/go/pkg/mod/github.com/gin-gonic/gin@v1.10.0/context.go:185
github.com/flipped-aurora/gin-vue-admin/server/initialize.Routers.AccessLog.func4
	C:/Users/18089/Desktop/人才网需求分析/msrc-admin/server/middleware/access_log.go:73
github.com/gin-gonic/gin.(*Context).Next
	C:/Users/18089/go/pkg/mod/github.com/gin-gonic/gin@v1.10.0/context.go:185
github.com/flipped-aurora/gin-vue-admin/server/initialize.Routers.GinRecovery.func3
	C:/Users/18089/Desktop/人才网需求分析/msrc-admin/server/middleware/error.go:56
github.com/gin-gonic/gin.(*Context).Next
	C:/Users/18089/go/pkg/mod/github.com/gin-gonic/gin@v1.10.0/context.go:185
github.com/flipped-aurora/gin-vue-admin/server/initialize.Routers.RequestMeta.func2
	C:/Users/18089/Desktop/人才网需求分析/msrc-admin/server/middleware/request_meta.go:39
github.com/gin-gonic/gin.(*Context).Next
	C:/Users/18089/go/pkg/mod/github.com/gin-gonic/gin@v1.10.0/context.go:185
github.com/gin-gonic/gin.(*Engine).handleHTTPRequest
	C:/Users/18089/go/pkg/mod/github.com/gin-gonic/gin@v1.10.0/gin.go:633
github.com/gin-gonic/gin.(*Engine).ServeHTTP
	C:/Users/18089/go/pkg/mod/github.com/gin-gonic/gin@v1.10.0/gin.go:589
net/http.serverHandler.ServeHTTP
	C:/Program Files/Go/src/net/http/server.go:3340
net/http.(*conn).serve
	C:/Program Files/Go/src/net/http/server.go:2109
[github.com/flipped-aurora/gin-vue-admin/server]2026-08-13 14:09:12.118	[31merror[0m	C:/Users/18089/Desktop/人才网需求分析/msrc-admin/server/core/server_run.go:37	server启动失败	{"node": "", "app_id": "", "env": "", "error": "listen tcp :8888: bind: Only one usage of each socket address (protocol/network address/port) is normally permitted."}
github.com/flipped-aurora/gin-vue-admin/server/core.initServer.func1
	C:/Users/18089/Desktop/人才网需求分析/msrc-admin/server/core/server_run.go:37
[github.com/flipped-aurora/gin-vue-admin/server]2026-08-13 16:52:18.182	[31merror[0m	C:/Users/18089/Desktop/人才网需求分析/msrc-admin/server/middleware/hrc/member_jwt.go:93	member jwt parse failed	{"node": "", "app_id": "", "env": "", "error": "token is malformed: could not base64 decode header: illegal base64 data at input byte 0"}
github.com/flipped-aurora/gin-vue-admin/server/middleware/hrc.(*MemberJWT).ParseToken
	C:/Users/18089/Desktop/人才网需求分析/msrc-admin/server/middleware/hrc/member_jwt.go:93
github.com/flipped-aurora/gin-vue-admin/server/router/hrc.(*AuthRouter).InitAuthRouter.MemberAuth.func1
	C:/Users/18089/Desktop/人才网需求分析/msrc-admin/server/middleware/hrc/member_jwt.go:115
github.com/gin-gonic/gin.(*Context).Next
	C:/Users/18089/go/pkg/mod/github.com/gin-gonic/gin@v1.10.0/context.go:185
github.com/flipped-aurora/gin-vue-admin/server/middleware.UploadResponseHeaders.func1
	C:/Users/18089/Desktop/人才网需求分析/msrc-admin/server/middleware/upload_security.go:25
github.com/gin-gonic/gin.(*Context).Next
	C:/Users/18089/go/pkg/mod/github.com/gin-gonic/gin@v1.10.0/context.go:185
github.com/gin-gonic/gin.LoggerWithConfig.func1
	C:/Users/18089/go/pkg/mod/github.com/gin-gonic/gin@v1.10.0/logger.go:249
github.com/gin-gonic/gin.(*Context).Next
	C:/Users/18089/go/pkg/mod/github.com/gin-gonic/gin@v1.10.0/context.go:185
github.com/flipped-aurora/gin-vue-admin/server/initialize.Routers.AccessLog.func4
	C:/Users/18089/Desktop/人才网需求分析/msrc-admin/server/middleware/access_log.go:73
github.com/gin-gonic/gin.(*Context).Next
	C:/Users/18089/go/pkg/mod/github.com/gin-gonic/gin@v1.10.0/context.go:185
github.com/flipped-aurora/gin-vue-admin/server/initialize.Routers.GinRecovery.func3
	C:/Users/18089/Desktop/人才网需求分析/msrc-admin/server/middleware/error.go:56
github.com/gin-gonic/gin.(*Context).Next
	C:/Users/18089/go/pkg/mod/github.com/gin-gonic/gin@v1.10.0/context.go:185
github.com/flipped-aurora/gin-vue-admin/server/initialize.Routers.RequestMeta.func2
	C:/Users/18089/Desktop/人才网需求分析/msrc-admin/server/middleware/request_meta.go:39
github.com/gin-gonic/gin.(*Context).Next
	C:/Users/18089/go/pkg/mod/github.com/gin-gonic/gin@v1.10.0/context.go:185
github.com/gin-gonic/gin.(*Engine).handleHTTPRequest
	C:/Users/18089/go/pkg/mod/github.com/gin-gonic/gin@v1.10.0/gin.go:633
github.com/gin-gonic/gin.(*Engine).ServeHTTP
	C:/Users/18089/go/pkg/mod/github.com/gin-gonic/gin@v1.10.0/gin.go:589
net/http.serverHandler.ServeHTTP
	C:/Program Files/Go/src/net/http/server.go:3340
net/http.(*conn).serve
	C:/Program Files/Go/src/net/http/server.go:2109
[github.com/flipped-aurora/gin-vue-admin/server]2026-08-13 16:52:37.479	[31merror[0m	C:/Users/18089/Desktop/人才网需求分析/msrc-admin/server/middleware/hrc/member_jwt.go:93	member jwt parse failed	{"node": "", "app_id": "", "env": "", "error": "token has invalid claims: token is expired"}
github.com/flipped-aurora/gin-vue-admin/server/middleware/hrc.(*MemberJWT).ParseToken
	C:/Users/18089/Desktop/人才网需求分析/msrc-admin/server/middleware/hrc/member_jwt.go:93
github.com/flipped-aurora/gin-vue-admin/server/router/hrc.(*AuthRouter).InitAuthRouter.MemberAuth.func1
	C:/Users/18089/Desktop/人才网需求分析/msrc-admin/server/middleware/hrc/member_jwt.go:115
github.com/gin-gonic/gin.(*Context).Next
	C:/Users/18089/go/pkg/mod/github.com/gin-gonic/gin@v1.10.0/context.go:185
github.com/flipped-aurora/gin-vue-admin/server/middleware.UploadResponseHeaders.func1
	C:/Users/18089/Desktop/人才网需求分析/msrc-admin/server/middleware/upload_security.go:25
github.com/gin-gonic/gin.(*Context).Next
	C:/Users/18089/go/pkg/mod/github.com/gin-gonic/gin@v1.10.0/context.go:185
github.com/gin-gonic/gin.LoggerWithConfig.func1
	C:/Users/18089/go/pkg/mod/github.com/gin-gonic/gin@v1.10.0/logger.go:249
github.com/gin-gonic/gin.(*Context).Next
	C:/Users/18089/go/pkg/mod/github.com/gin-gonic/gin@v1.10.0/context.go:185
github.com/flipped-aurora/gin-vue-admin/server/initialize.Routers.AccessLog.func4
	C:/Users/18089/Desktop/人才网需求分析/msrc-admin/server/middleware/access_log.go:73
github.com/gin-gonic/gin.(*Context).Next
	C:/Users/18089/go/pkg/mod/github.com/gin-gonic/gin@v1.10.0/context.go:185
github.com/flipped-aurora/gin-vue-admin/server/initialize.Routers.GinRecovery.func3
	C:/Users/18089/Desktop/人才网需求分析/msrc-admin/server/middleware/error.go:56
github.com/gin-gonic/gin.(*Context).Next
	C:/Users/18089/go/pkg/mod/github.com/gin-gonic/gin@v1.10.0/context.go:185
github.com/flipped-aurora/gin-vue-admin/server/initialize.Routers.RequestMeta.func2
	C:/Users/18089/Desktop/人才网需求分析/msrc-admin/server/middleware/request_meta.go:39
github.com/gin-gonic/gin.(*Context).Next
	C:/Users/18089/go/pkg/mod/github.com/gin-gonic/gin@v1.10.0/context.go:185
github.com/gin-gonic/gin.(*Engine).handleHTTPRequest
	C:/Users/18089/go/pkg/mod/github.com/gin-gonic/gin@v1.10.0/gin.go:633
github.com/gin-gonic/gin.(*Engine).ServeHTTP
	C:/Users/18089/go/pkg/mod/github.com/gin-gonic/gin@v1.10.0/gin.go:589
net/http.serverHandler.ServeHTTP
	C:/Program Files/Go/src/net/http/server.go:3340
net/http.(*conn).serve
	C:/Program Files/Go/src/net/http/server.go:2109
[github.com/flipped-aurora/gin-vue-admin/server]2026-08-13 17:39:16.728	[31merror[0m	C:/Users/18089/Desktop/人才网需求分析/msrc-admin/server/middleware/hrc/member_jwt.go:93	member jwt parse failed	{"node": "", "app_id": "", "env": "", "error": "token has invalid claims: token is expired"}
github.com/flipped-aurora/gin-vue-admin/server/middleware/hrc.(*MemberJWT).ParseToken
	C:/Users/18089/Desktop/人才网需求分析/msrc-admin/server/middleware/hrc/member_jwt.go:93
github.com/flipped-aurora/gin-vue-admin/server/router/hrc.(*AuthRouter).InitAuthRouter.MemberAuth.func1
	C:/Users/18089/Desktop/人才网需求分析/msrc-admin/server/middleware/hrc/member_jwt.go:115
github.com/gin-gonic/gin.(*Context).Next
	C:/Users/18089/go/pkg/mod/github.com/gin-gonic/gin@v1.10.0/context.go:185
github.com/flipped-aurora/gin-vue-admin/server/middleware.UploadResponseHeaders.func1
	C:/Users/18089/Desktop/人才网需求分析/msrc-admin/server/middleware/upload_security.go:25
github.com/gin-gonic/gin.(*Context).Next
	C:/Users/18089/go/pkg/mod/github.com/gin-gonic/gin@v1.10.0/context.go:185
github.com/gin-gonic/gin.LoggerWithConfig.func1
	C:/Users/18089/go/pkg/mod/github.com/gin-gonic/gin@v1.10.0/logger.go:249
github.com/gin-gonic/gin.(*Context).Next
	C:/Users/18089/go/pkg/mod/github.com/gin-gonic/gin@v1.10.0/context.go:185
github.com/flipped-aurora/gin-vue-admin/server/initialize.Routers.AccessLog.func4
	C:/Users/18089/Desktop/人才网需求分析/msrc-admin/server/middleware/access_log.go:73
github.com/gin-gonic/gin.(*Context).Next
	C:/Users/18089/go/pkg/mod/github.com/gin-gonic/gin@v1.10.0/context.go:185
github.com/flipped-aurora/gin-vue-admin/server/initialize.Routers.GinRecovery.func3
	C:/Users/18089/Desktop/人才网需求分析/msrc-admin/server/middleware/error.go:56
github.com/gin-gonic/gin.(*Context).Next
	C:/Users/18089/go/pkg/mod/github.com/gin-gonic/gin@v1.10.0/context.go:185
github.com/flipped-aurora/gin-vue-admin/server/initialize.Routers.RequestMeta.func2
	C:/Users/18089/Desktop/人才网需求分析/msrc-admin/server/middleware/request_meta.go:39
github.com/gin-gonic/gin.(*Context).Next
	C:/Users/18089/go/pkg/mod/github.com/gin-gonic/gin@v1.10.0/context.go:185
github.com/gin-gonic/gin.(*Engine).handleHTTPRequest
	C:/Users/18089/go/pkg/mod/github.com/gin-gonic/gin@v1.10.0/gin.go:633
github.com/gin-gonic/gin.(*Engine).ServeHTTP
	C:/Users/18089/go/pkg/mod/github.com/gin-gonic/gin@v1.10.0/gin.go:589
net/http.serverHandler.ServeHTTP
	C:/Program Files/Go/src/net/http/server.go:3340
net/http.(*conn).serve
	C:/Program Files/Go/src/net/http/server.go:2109
[github.com/flipped-aurora/gin-vue-admin/server]2026-08-13 17:48:09.333	[31merror[0m	C:/Users/18089/Desktop/人才网需求分析/msrc-admin/server/middleware/hrc/member_jwt.go:93	member jwt parse failed	{"node": "", "app_id": "", "env": "", "error": "token has invalid claims: token is expired"}
github.com/flipped-aurora/gin-vue-admin/server/middleware/hrc.(*MemberJWT).ParseToken
	C:/Users/18089/Desktop/人才网需求分析/msrc-admin/server/middleware/hrc/member_jwt.go:93
github.com/flipped-aurora/gin-vue-admin/server/router/hrc.(*AuthRouter).InitAuthRouter.MemberAuth.func1
	C:/Users/18089/Desktop/人才网需求分析/msrc-admin/server/middleware/hrc/member_jwt.go:115
github.com/gin-gonic/gin.(*Context).Next
	C:/Users/18089/go/pkg/mod/github.com/gin-gonic/gin@v1.10.0/context.go:185
github.com/flipped-aurora/gin-vue-admin/server/middleware.UploadResponseHeaders.func1
	C:/Users/18089/Desktop/人才网需求分析/msrc-admin/server/middleware/upload_security.go:25
github.com/gin-gonic/gin.(*Context).Next
	C:/Users/18089/go/pkg/mod/github.com/gin-gonic/gin@v1.10.0/context.go:185
github.com/gin-gonic/gin.LoggerWithConfig.func1
	C:/Users/18089/go/pkg/mod/github.com/gin-gonic/gin@v1.10.0/logger.go:249
github.com/gin-gonic/gin.(*Context).Next
	C:/Users/18089/go/pkg/mod/github.com/gin-gonic/gin@v1.10.0/context.go:185
github.com/flipped-aurora/gin-vue-admin/server/initialize.Routers.AccessLog.func4
	C:/Users/18089/Desktop/人才网需求分析/msrc-admin/server/middleware/access_log.go:73
github.com/gin-gonic/gin.(*Context).Next
	C:/Users/18089/go/pkg/mod/github.com/gin-gonic/gin@v1.10.0/context.go:185
github.com/flipped-aurora/gin-vue-admin/server/initialize.Routers.GinRecovery.func3
	C:/Users/18089/Desktop/人才网需求分析/msrc-admin/server/middleware/error.go:56
github.com/gin-gonic/gin.(*Context).Next
	C:/Users/18089/go/pkg/mod/github.com/gin-gonic/gin@v1.10.0/context.go:185
github.com/flipped-aurora/gin-vue-admin/server/initialize.Routers.RequestMeta.func2
	C:/Users/18089/Desktop/人才网需求分析/msrc-admin/server/middleware/request_meta.go:39
github.com/gin-gonic/gin.(*Context).Next
	C:/Users/18089/go/pkg/mod/github.com/gin-gonic/gin@v1.10.0/context.go:185
github.com/gin-gonic/gin.(*Engine).handleHTTPRequest
	C:/Users/18089/go/pkg/mod/github.com/gin-gonic/gin@v1.10.0/gin.go:633
github.com/gin-gonic/gin.(*Engine).ServeHTTP
	C:/Users/18089/go/pkg/mod/github.com/gin-gonic/gin@v1.10.0/gin.go:589
net/http.serverHandler.ServeHTTP
	C:/Program Files/Go/src/net/http/server.go:3340
net/http.(*conn).serve
	C:/Program Files/Go/src/net/http/server.go:2109
[github.com/flipped-aurora/gin-vue-admin/server]2026-08-13 17:48:14.022	[31merror[0m	C:/Users/18089/Desktop/人才网需求分析/msrc-admin/server/middleware/hrc/member_jwt.go:93	member jwt parse failed	{"node": "", "app_id": "", "env": "", "error": "token is malformed: could not base64 decode signature: illegal base64 data at input byte 43"}
github.com/flipped-aurora/gin-vue-admin/server/middleware/hrc.(*MemberJWT).ParseToken
	C:/Users/18089/Desktop/人才网需求分析/msrc-admin/server/middleware/hrc/member_jwt.go:93
github.com/flipped-aurora/gin-vue-admin/server/router/hrc.(*AuthRouter).InitAuthRouter.MemberAuth.func1
	C:/Users/18089/Desktop/人才网需求分析/msrc-admin/server/middleware/hrc/member_jwt.go:115
github.com/gin-gonic/gin.(*Context).Next
	C:/Users/18089/go/pkg/mod/github.com/gin-gonic/gin@v1.10.0/context.go:185
github.com/flipped-aurora/gin-vue-admin/server/middleware.UploadResponseHeaders.func1
	C:/Users/18089/Desktop/人才网需求分析/msrc-admin/server/middleware/upload_security.go:25
github.com/gin-gonic/gin.(*Context).Next
	C:/Users/18089/go/pkg/mod/github.com/gin-gonic/gin@v1.10.0/context.go:185
github.com/gin-gonic/gin.LoggerWithConfig.func1
	C:/Users/18089/go/pkg/mod/github.com/gin-gonic/gin@v1.10.0/logger.go:249
github.com/gin-gonic/gin.(*Context).Next
	C:/Users/18089/go/pkg/mod/github.com/gin-gonic/gin@v1.10.0/context.go:185
github.com/flipped-aurora/gin-vue-admin/server/initialize.Routers.AccessLog.func4
	C:/Users/18089/Desktop/人才网需求分析/msrc-admin/server/middleware/access_log.go:73
github.com/gin-gonic/gin.(*Context).Next
	C:/Users/18089/go/pkg/mod/github.com/gin-gonic/gin@v1.10.0/context.go:185
github.com/flipped-aurora/gin-vue-admin/server/initialize.Routers.GinRecovery.func3
	C:/Users/18089/Desktop/人才网需求分析/msrc-admin/server/middleware/error.go:56
github.com/gin-gonic/gin.(*Context).Next
	C:/Users/18089/go/pkg/mod/github.com/gin-gonic/gin@v1.10.0/context.go:185
github.com/flipped-aurora/gin-vue-admin/server/initialize.Routers.RequestMeta.func2
	C:/Users/18089/Desktop/人才网需求分析/msrc-admin/server/middleware/request_meta.go:39
github.com/gin-gonic/gin.(*Context).Next
	C:/Users/18089/go/pkg/mod/github.com/gin-gonic/gin@v1.10.0/context.go:185
github.com/gin-gonic/gin.(*Engine).handleHTTPRequest
	C:/Users/18089/go/pkg/mod/github.com/gin-gonic/gin@v1.10.0/gin.go:633
github.com/gin-gonic/gin.(*Engine).ServeHTTP
	C:/Users/18089/go/pkg/mod/github.com/gin-gonic/gin@v1.10.0/gin.go:589
net/http.serverHandler.ServeHTTP
	C:/Program Files/Go/src/net/http/server.go:3340
net/http.(*conn).serve
	C:/Program Files/Go/src/net/http/server.go:2109
