[github.com/flipped-aurora/gin-vue-admin/server]2026-08-13 14:52:01.241	[33mwarn[0m	C:/Users/18089/Desktop/人才网需求分析/msrc-admin/server/api/v1/hrc/auth.go:242	login failed	{"node": "", "app_id": "", "env": "", "error": "验证码错误或已过期"}
[github.com/flipped-aurora/gin-vue-admin/server]2026-08-13 15:14:41.239	[33mwarn[0m	C:/Users/18089/Desktop/人才网需求分析/msrc-admin/server/api/v1/hrc/auth.go:242	login failed	{"node": "", "app_id": "", "env": "", "error": "验证码错误或已过期"}
[github.com/flipped-aurora/gin-vue-admin/server]2026-08-13 15:14:58.263	[33mwarn[0m	C:/Users/18089/Desktop/人才网需求分析/msrc-admin/server/api/v1/hrc/auth.go:242	login failed	{"node": "", "app_id": "", "env": "", "error": "验证码错误或已过期"}
[github.com/flipped-aurora/gin-vue-admin/server]2026-08-13 15:15:35.466	[33mwarn[0m	C:/Users/18089/Desktop/人才网需求分析/msrc-admin/server/api/v1/hrc/auth.go:242	login failed	{"node": "", "app_id": "", "env": "", "error": "验证码错误或已过期"}
[github.com/flipped-aurora/gin-vue-admin/server]2026-08-13 15:39:35.488	[33mwarn[0m	C:/Users/18089/Desktop/人才网需求分析/msrc-admin/server/api/v1/hrc/auth.go:251	login failed	{"node": "", "app_id": "", "env": "", "error": "验证码错误或已过期"}
[github.com/flipped-aurora/gin-vue-admin/server]2026-08-13 15:39:44.707	[33mwarn[0m	C:/Users/18089/Desktop/人才网需求分析/msrc-admin/server/api/v1/hrc/auth.go:251	login failed	{"node": "", "app_id": "", "env": "", "error": "验证码错误或已过期"}
[github.com/flipped-aurora/gin-vue-admin/server]2026-08-13 15:50:10.786	[33mwarn[0m	C:/Users/18089/Desktop/人才网需求分析/msrc-admin/server/api/v1/hrc/auth.go:251	login failed	{"node": "", "app_id": "", "env": "", "error": "验证码错误或已过期"}
[github.com/flipped-aurora/gin-vue-admin/server]2026-08-13 16:11:45.198	[33mwarn[0m	C:/Users/18089/Desktop/人才网需求分析/msrc-admin/server/api/v1/hrc/auth.go:385	login failed	{"node": "", "app_id": "", "env": "", "error": "该账号已注册，请直接登录"}
[github.com/flipped-aurora/gin-vue-admin/server]2026-08-13 16:12:38.716	[33mwarn[0m	C:/Users/18089/Desktop/人才网需求分析/msrc-admin/server/api/v1/hrc/auth.go:385	login failed	{"node": "", "app_id": "", "env": "", "error": "验证码错误或已过期"}
[github.com/flipped-aurora/gin-vue-admin/server]2026-08-13 16:13:39.756	[33mwarn[0m	C:/Users/18089/Desktop/人才网需求分析/msrc-admin/server/api/v1/hrc/auth.go:385	login failed	{"node": "", "app_id": "", "env": "", "error": "验证码错误或已过期"}
[github.com/flipped-aurora/gin-vue-admin/server]2026-08-13 16:16:02.880	[33mwarn[0m	C:/Users/18089/Desktop/人才网需求分析/msrc-admin/server/api/v1/hrc/auth.go:385	login failed	{"node": "", "app_id": "", "env": "", "error": "该账号已注册，请直接登录"}
[github.com/flipped-aurora/gin-vue-admin/server]2026-08-13 16:16:21.129	[33mwarn[0m	C:/Users/18089/Desktop/人才网需求分析/msrc-admin/server/api/v1/hrc/auth.go:385	login failed	{"node": "", "app_id": "", "env": "", "error": "验证码错误或已过期"}
[github.com/flipped-aurora/gin-vue-admin/server]2026-08-13 16:16:37.960	[33mwarn[0m	C:/Users/18089/Desktop/人才网需求分析/msrc-admin/server/api/v1/hrc/auth.go:385	login failed	{"node": "", "app_id": "", "env": "", "error": "密码长度不能少于6位"}
[github.com/flipped-aurora/gin-vue-admin/server]2026-08-13 16:32:18.973	[33mwarn[0m	C:/Users/18089/Desktop/人才网需求分析/msrc-admin/server/api/v1/hrc/auth.go:385	login failed	{"node": "", "app_id": "", "env": "", "error": "密码错误"}
[github.com/flipped-aurora/gin-vue-admin/server]2026-08-13 16:32:23.093	[33mwarn[0m	C:/Users/18089/Desktop/人才网需求分析/msrc-admin/server/api/v1/hrc/auth.go:385	login failed	{"node": "", "app_id": "", "env": "", "error": "登录失败次数过多，请30分钟后再试"}
[github.com/flipped-aurora/gin-vue-admin/server]2026-08-13 16:44:30.860	[33mwarn[0m	C:/Users/18089/Desktop/人才网需求分析/msrc-admin/server/api/v1/hrc/auth.go:385	login failed	{"node": "", "app_id": "", "env": "", "error": "密码错误"}
[github.com/flipped-aurora/gin-vue-admin/server]2026-08-13 16:44:49.538	[33mwarn[0m	C:/Users/18089/Desktop/人才网需求分析/msrc-admin/server/api/v1/hrc/auth.go:385	login failed	{"node": "", "app_id": "", "env": "", "error": "账号不存在"}
[github.com/flipped-aurora/gin-vue-admin/server]2026-08-13 16:46:53.590	[33mwarn[0m	C:/Users/18089/Desktop/人才网需求分析/msrc-admin/server/api/v1/hrc/auth.go:385	login failed	{"node": "", "app_id": "", "env": "", "error": "登录失败次数过多，请30分钟后再试"}
[github.com/flipped-aurora/gin-vue-admin/server]2026-08-13 16:47:14.596	[33mwarn[0m	C:/Users/18089/Desktop/人才网需求分析/msrc-admin/server/api/v1/hrc/auth.go:385	login failed	{"node": "", "app_id": "", "env": "", "error": "登录失败次数过多，请30分钟后再试"}
[github.com/flipped-aurora/gin-vue-admin/server]2026-08-13 16:52:02.563	[33mwarn[0m	C:/Users/18089/Desktop/人才网需求分析/msrc-admin/server/api/v1/hrc/auth.go:385	login failed	{"node": "", "app_id": "", "env": "", "error": "登录失败次数过多，请30分钟后再试"}
