[github.com/flipped-aurora/gin-vue-admin/server]2026-08-19 16:28:19.655	[31merror[0m	C:/Users/18089/Desktop/MSTN/msrc-admin/server/core/server_run.go:37	server启动失败	{"node": "", "app_id": "", "env": "", "error": "listen tcp :8888: bind: Only one usage of each socket address (protocol/network address/port) is normally permitted."}
github.com/flipped-aurora/gin-vue-admin/server/core.initServer.func1
	C:/Users/18089/Desktop/MSTN/msrc-admin/server/core/server_run.go:37
[github.com/flipped-aurora/gin-vue-admin/server]2026-08-19 17:22:56.414	[31merror[0m	C:/Users/18089/Desktop/MSTN/msrc-admin/server/middleware/hrc/member_jwt.go:95	member jwt parse failed	{"node": "", "app_id": "", "env": "", "error": "token signature is invalid: signature is invalid"}
github.com/flipped-aurora/gin-vue-admin/server/middleware/hrc.(*MemberJWT).ParseToken
	C:/Users/18089/Desktop/MSTN/msrc-admin/server/middleware/hrc/member_jwt.go:95
github.com/flipped-aurora/gin-vue-admin/server/router/hrc.(*ApplyRouter).InitApplyRouter.MemberAuth.func1
	C:/Users/18089/Desktop/MSTN/msrc-admin/server/middleware/hrc/member_jwt.go:117
github.com/gin-gonic/gin.(*Context).Next
	C:/Users/18089/go/pkg/mod/github.com/gin-gonic/gin@v1.10.0/context.go:185
github.com/flipped-aurora/gin-vue-admin/server/middleware.UploadResponseHeaders.func1
	C:/Users/18089/Desktop/MSTN/msrc-admin/server/middleware/upload_security.go:25
github.com/gin-gonic/gin.(*Context).Next
	C:/Users/18089/go/pkg/mod/github.com/gin-gonic/gin@v1.10.0/context.go:185
github.com/gin-gonic/gin.LoggerWithConfig.func1
	C:/Users/18089/go/pkg/mod/github.com/gin-gonic/gin@v1.10.0/logger.go:249
github.com/gin-gonic/gin.(*Context).Next
	C:/Users/18089/go/pkg/mod/github.com/gin-gonic/gin@v1.10.0/context.go:185
github.com/flipped-aurora/gin-vue-admin/server/initialize.Routers.AccessLog.func4
	C:/Users/18089/Desktop/MSTN/msrc-admin/server/middleware/access_log.go:73
github.com/gin-gonic/gin.(*Context).Next
	C:/Users/18089/go/pkg/mod/github.com/gin-gonic/gin@v1.10.0/context.go:185
github.com/flipped-aurora/gin-vue-admin/server/initialize.Routers.GinRecovery.func3
	C:/Users/18089/Desktop/MSTN/msrc-admin/server/middleware/error.go:56
github.com/gin-gonic/gin.(*Context).Next
	C:/Users/18089/go/pkg/mod/github.com/gin-gonic/gin@v1.10.0/context.go:185
github.com/flipped-aurora/gin-vue-admin/server/initialize.Routers.RequestMeta.func2
	C:/Users/18089/Desktop/MSTN/msrc-admin/server/middleware/request_meta.go:39
github.com/gin-gonic/gin.(*Context).Next
	C:/Users/18089/go/pkg/mod/github.com/gin-gonic/gin@v1.10.0/context.go:185
github.com/gin-gonic/gin.(*Engine).handleHTTPRequest
	C:/Users/18089/go/pkg/mod/github.com/gin-gonic/gin@v1.10.0/gin.go:633
github.com/gin-gonic/gin.(*Engine).ServeHTTP
	C:/Users/18089/go/pkg/mod/github.com/gin-gonic/gin@v1.10.0/gin.go:589
net/http.serverHandler.ServeHTTP
	C:/Program Files/Go/src/net/http/server.go:3340
net/http.(*conn).serve
	C:/Program Files/Go/src/net/http/server.go:2109
[github.com/flipped-aurora/gin-vue-admin/server]2026-08-19 17:22:57.165	[31merror[0m	C:/Users/18089/Desktop/MSTN/msrc-admin/server/middleware/hrc/member_jwt.go:95	member jwt parse failed	{"node": "", "app_id": "", "env": "", "error": "token signature is invalid: signature is invalid"}
github.com/flipped-aurora/gin-vue-admin/server/middleware/hrc.(*MemberJWT).ParseToken
	C:/Users/18089/Desktop/MSTN/msrc-admin/server/middleware/hrc/member_jwt.go:95
github.com/flipped-aurora/gin-vue-admin/server/router/hrc.(*ProfileRouter).InitProfileRouter.MemberAuth.func3
	C:/Users/18089/Desktop/MSTN/msrc-admin/server/middleware/hrc/member_jwt.go:117
github.com/gin-gonic/gin.(*Context).Next
	C:/Users/18089/go/pkg/mod/github.com/gin-gonic/gin@v1.10.0/context.go:185
github.com/flipped-aurora/gin-vue-admin/server/middleware.UploadResponseHeaders.func1
	C:/Users/18089/Desktop/MSTN/msrc-admin/server/middleware/upload_security.go:25
github.com/gin-gonic/gin.(*Context).Next
	C:/Users/18089/go/pkg/mod/github.com/gin-gonic/gin@v1.10.0/context.go:185
github.com/gin-gonic/gin.LoggerWithConfig.func1
	C:/Users/18089/go/pkg/mod/github.com/gin-gonic/gin@v1.10.0/logger.go:249
github.com/gin-gonic/gin.(*Context).Next
	C:/Users/18089/go/pkg/mod/github.com/gin-gonic/gin@v1.10.0/context.go:185
github.com/flipped-aurora/gin-vue-admin/server/initialize.Routers.AccessLog.func4
	C:/Users/18089/Desktop/MSTN/msrc-admin/server/middleware/access_log.go:73
github.com/gin-gonic/gin.(*Context).Next
	C:/Users/18089/go/pkg/mod/github.com/gin-gonic/gin@v1.10.0/context.go:185
github.com/flipped-aurora/gin-vue-admin/server/initialize.Routers.GinRecovery.func3
	C:/Users/18089/Desktop/MSTN/msrc-admin/server/middleware/error.go:56
github.com/gin-gonic/gin.(*Context).Next
	C:/Users/18089/go/pkg/mod/github.com/gin-gonic/gin@v1.10.0/context.go:185
github.com/flipped-aurora/gin-vue-admin/server/initialize.Routers.RequestMeta.func2
	C:/Users/18089/Desktop/MSTN/msrc-admin/server/middleware/request_meta.go:39
github.com/gin-gonic/gin.(*Context).Next
	C:/Users/18089/go/pkg/mod/github.com/gin-gonic/gin@v1.10.0/context.go:185
github.com/gin-gonic/gin.(*Engine).handleHTTPRequest
	C:/Users/18089/go/pkg/mod/github.com/gin-gonic/gin@v1.10.0/gin.go:633
github.com/gin-gonic/gin.(*Engine).ServeHTTP
	C:/Users/18089/go/pkg/mod/github.com/gin-gonic/gin@v1.10.0/gin.go:589
net/http.serverHandler.ServeHTTP
	C:/Program Files/Go/src/net/http/server.go:3340
net/http.(*conn).serve
	C:/Program Files/Go/src/net/http/server.go:2109
